[pid 29694] rt_sigaction(SIGCHLD, NULL,  <unfinished ...>
[pid 29693] rt_sigaction(SIGCHLD, NULL,  <unfinished ...>
[pid 29694] <... rt_sigaction resumed> {SIG_DFL, [], 0}, 8) = 0
[pid 29693] <... rt_sigaction resumed> {SIG_DFL, [], 0}, 8) = 0
[pid 29694] rt_sigprocmask(SIG_SETMASK, [],  <unfinished ...>
[pid 29693] rt_sigprocmask(SIG_SETMASK, [],  <unfinished ...>
[pid 29694] <... rt_sigprocmask resumed> NULL, 8) = 0
[pid 29693] <... rt_sigprocmask resumed> NULL, 8) = 0
[pid 29694] nanosleep({1, 0},  <unfinished ...>
[pid 29693] nanosleep({1, 0},  <unfinished ...>
[pid 29696] <... nanosleep resumed> 0xb5e82354) = 0
[pid 29695] <... nanosleep resumed> 0xb6683354) = 0
[pid 29696] write(2, "[PRODUCER #4] Buffer count incre"..., 48[PRODUCER #4] Buffer count increased 	 Count: 8
 <unfinished ...>
[pid 29695] futex(0xb77e234c, FUTEX_WAIT_PRIVATE, 2, NULL <unfinished ...>
[pid 29696] <... write resumed> )       = 48
[pid 29696] futex(0xb77e234c, FUTEX_WAKE_PRIVATE, 1) = 1
[pid 29695] <... futex resumed> )       = 0
[pid 29696] rt_sigprocmask(SIG_BLOCK, [CHLD],  <unfinished ...>
[pid 29695] write(2, "[PRODUCER #3] Buffer count incre"..., 48[PRODUCER #3] Buffer count increased 	 Count: 8
 <unfinished ...>
[pid 29696] <... rt_sigprocmask resumed> [], 8) = 0
[pid 29695] <... write resumed> )       = 48
[pid 29696] rt_sigaction(SIGCHLD, NULL,  <unfinished ...>
[pid 29695] futex(0xb77e234c, FUTEX_WAKE_PRIVATE, 1 <unfinished ...>
[pid 29696] <... rt_sigaction resumed> {SIG_DFL, [], 0}, 8) = 0
[pid 29695] <... futex resumed> )       = 0
[pid 29696] rt_sigprocmask(SIG_SETMASK, [],  <unfinished ...>
[pid 29695] rt_sigprocmask(SIG_BLOCK, [CHLD],  <unfinished ...>
[pid 29696] <... rt_sigprocmask resumed> NULL, 8) = 0
[pid 29695] <... rt_sigprocmask resumed> [], 8) = 0
[pid 29696] nanosleep({12, 0},  <unfinished ...>
[pid 29695] rt_sigaction(SIGCHLD, NULL,  <unfinished ...>
[pid 29694] <... nanosleep resumed> 0xb6e84354) = 0
[pid 29695] <... rt_sigaction resumed> {SIG_DFL, [], 0}, 8) = 0
[pid 29694] write(2, "[PRODUCER #2] Buffer count incre"..., 48[PRODUCER #2] Buffer count increased 	 Count: 8
 <unfinished ...>
[pid 29695] rt_sigprocmask(SIG_SETMASK, [],  <unfinished ...>
[pid 29694] <... write resumed> )       = 48
[pid 29695] <... rt_sigprocmask resumed> NULL, 8) = 0
[pid 29694] rt_sigprocmask(SIG_BLOCK, [CHLD],  <unfinished ...>
[pid 29695] nanosleep({12, 0},  <unfinished ...>
[pid 29694] <... rt_sigprocmask resumed> [], 8) = 0
[pid 29693] <... nanosleep resumed> 0xb7685354) = 0
[pid 29694] rt_sigaction(SIGCHLD, NULL,  <unfinished ...>
[pid 29693] write(2, "[PRODUCER #1] Buffer count incre"..., 48[PRODUCER #1] Buffer count increased 	 Count: 8
 <unfinished ...>
[pid 29694] <... rt_sigaction resumed> {SIG_DFL, [], 0}, 8) = 0
[pid 29693] <... write resumed> )       = 48
[pid 29694] rt_sigprocmask(SIG_SETMASK, [],  <unfinished ...>
[pid 29693] rt_sigprocmask(SIG_BLOCK, [CHLD],  <unfinished ...>
[pid 29694] <... rt_sigprocmask resumed> NULL, 8) = 0
[pid 29693] <... rt_sigprocmask resumed> [], 8) = 0
[pid 29694] nanosleep({12, 0},  <unfinished ...>
[pid 29693] rt_sigaction(SIGCHLD, NULL, {SIG_DFL, [], 0}, 8) = 0
[pid 29693] rt_sigprocmask(SIG_SETMASK, [], NULL, 8) = 0
[pid 29693] nanosleep({12, 0},  <unfinished ...>
[pid 29698] <... nanosleep resumed> 0xb4e80354) = 0
[pid 29698] rt_sigprocmask(SIG_BLOCK, [CHLD],  <unfinished ...>
[pid 29697] <... nanosleep resumed> 0xb5681354) = 0
[pid 29698] <... rt_sigprocmask resumed> [], 8) = 0
[pid 29697] rt_sigprocmask(SIG_BLOCK, [CHLD],  <unfinished ...>
[pid 29698] rt_sigaction(SIGCHLD, NULL,  <unfinished ...>
[pid 29697] <... rt_sigprocmask resumed> [], 8) = 0
[pid 29698] <... rt_sigaction resumed> {SIG_DFL, [], 0}, 8) = 0
[pid 29697] rt_sigaction(SIGCHLD, NULL,  <unfinished ...>
[pid 29698] rt_sigprocmask(SIG_SETMASK, [],  <unfinished ...>
[pid 29697] <... rt_sigaction resumed> {SIG_DFL, [], 0}, 8) = 0
[pid 29698] <... rt_sigprocmask resumed> NULL, 8) = 0
[pid 29697] rt_sigprocmask(SIG_SETMASK, [],  <unfinished ...>
[pid 29698] nanosleep({1, 0},  <unfinished ...>
[pid 29697] <... rt_sigprocmask resumed> NULL, 8) = 0
[pid 29697] nanosleep({1, 0},  <unfinished ...>
[pid 29696] <... nanosleep resumed> 0xb5e82354) = 0
[pid 29695] <... nanosleep resumed> 0xb6683354) = 0
[pid 29696] rt_sigprocmask(SIG_BLOCK, [CHLD],  <unfinished ...>
[pid 29695] rt_sigprocmask(SIG_BLOCK, [CHLD],  <unfinished ...>
[pid 29696] <... rt_sigprocmask resumed> [], 8) = 0
[pid 29695] <... rt_sigprocmask resumed> [], 8) = 0
[pid 29696] rt_sigaction(SIGCHLD, NULL,  <unfinished ...>
[pid 29695] rt_sigaction(SIGCHLD, NULL,  <unfinished ...>
[pid 29696] <... rt_sigaction resumed> {SIG_DFL, [], 0}, 8) = 0
[pid 29695] <... rt_sigaction resumed> {SIG_DFL, [], 0}, 8) = 0
[pid 29696] rt_sigprocmask(SIG_SETMASK, [],  <unfinished ...>
[pid 29695] rt_sigprocmask(SIG_SETMASK, [],  <unfinished ...>
[pid 29696] <... rt_sigprocmask resumed> NULL, 8) = 0
[pid 29695] <... rt_sigprocmask resumed> NULL, 8) = 0
[pid 29696] nanosleep({1, 0},  <unfinished ...>
[pid 29695] nanosleep({1, 0},  <unfinished ...>
[pid 29694] <... nanosleep resumed> 0xb6e84354) = 0
[pid 29694] rt_sigprocmask(SIG_BLOCK, [CHLD],  <unfinished ...>
[pid 29693] <... nanosleep resumed> 0xb7685354) = 0
[pid 29694] <... rt_sigprocmask resumed> [], 8) = 0
[pid 29694] rt_sigaction(SIGCHLD, NULL,  <unfinished ...>
[pid 29693] rt_sigprocmask(SIG_BLOCK, [CHLD],  <unfinished ...>
[pid 29694] <... rt_sigaction resumed> {SIG_DFL, [], 0}, 8) = 0
[pid 29694] rt_sigprocmask(SIG_SETMASK, [],  <unfinished ...>
[pid 29693] <... rt_sigprocmask resumed> [], 8) = 0
[pid 29694] <... rt_sigprocmask resumed> NULL, 8) = 0
[pid 29693] rt_sigaction(SIGCHLD, NULL,  <unfinished ...>
[pid 29694] nanosleep({1, 0},  <unfinished ...>
[pid 29693] <... rt_sigaction resumed> {SIG_DFL, [], 0}, 8) = 0
[pid 29693] rt_sigprocmask(SIG_SETMASK, [], NULL, 8) = 0
[pid 29693] nanosleep({1, 0},  <unfinished ...>
[pid 29698] <... nanosleep resumed> 0xb4e80354) = 0
[pid 29698] rt_sigprocmask(SIG_BLOCK, [CHLD],  <unfinished ...>
[pid 29697] <... nanosleep resumed> 0xb5681354) = 0
[pid 29698] <... rt_sigprocmask resumed> [], 8) = 0
[pid 29698] rt_sigaction(SIGCHLD, NULL,  <unfinished ...>
[pid 29697] rt_sigprocmask(SIG_BLOCK, [CHLD],  <unfinished ...>
[pid 29698] <... rt_sigaction resumed> {SIG_DFL, [], 0}, 8) = 0
[pid 29697] <... rt_sigprocmask resumed> [], 8) = 0
[pid 29698] rt_sigprocmask(SIG_SETMASK, [],  <unfinished ...>
[pid 29697] rt_sigaction(SIGCHLD, NULL,  <unfinished ...>
[pid 29698] <... rt_sigprocmask resumed> NULL, 8) = 0
[pid 29697] <... rt_sigaction resumed> {SIG_DFL, [], 0}, 8) = 0
[pid 29698] nanosleep({1, 0},  <unfinished ...>
[pid 29697] rt_sigprocmask(SIG_SETMASK, [], NULL, 8) = 0
[pid 29697] nanosleep({1, 0},  <unfinished ...>
[pid 29696] <... nanosleep resumed> 0xb5e82354) = 0
[pid 29695] <... nanosleep resumed> 0xb6683354) = 0
[pid 29696] rt_sigprocmask(SIG_BLOCK, [CHLD],  <unfinished ...>
[pid 29695] rt_sigprocmask(SIG_BLOCK, [CHLD],  <unfinished ...>
[pid 29696] <... rt_sigprocmask resumed> [], 8) = 0
[pid 29695] <... rt_sigprocmask resumed> [], 8) = 0
[pid 29696] rt_sigaction(SIGCHLD, NULL,  <unfinished ...>
[pid 29695] rt_sigaction(SIGCHLD, NULL,  <unfinished ...>
[pid 29696] <... rt_sigaction resumed> {SIG_DFL, [], 0}, 8) = 0
[pid 29695] <... rt_sigaction resumed> {SIG_DFL, [], 0}, 8) = 0
[pid 29696] rt_sigprocmask(SIG_SETMASK, [],  <unfinished ...>
[pid 29695] rt_sigprocmask(SIG_SETMASK, [],  <unfinished ...>
[pid 29696] <... rt_sigprocmask resumed> NULL, 8) = 0
[pid 29695] <... rt_sigprocmask resumed> NULL, 8) = 0
[pid 29696] nanosleep({1, 0},  <unfinished ...>
[pid 29695] nanosleep({1, 0},  <unfinished ...>
[pid 29694] <... nanosleep resumed> 0xb6e84354) = 0
[pid 29694] rt_sigprocmask(SIG_BLOCK, [CHLD],  <unfinished ...>
[pid 29693] <... nanosleep resumed> 0xb7685354) = 0
[pid 29694] <... rt_sigprocmask resumed> [], 8) = 0
[pid 29693] rt_sigprocmask(SIG_BLOCK, [CHLD],  <unfinished ...>
[pid 29694] rt_sigaction(SIGCHLD, NULL,  <unfinished ...>
[pid 29693] <... rt_sigprocmask resumed> [], 8) = 0
[pid 29694] <... rt_sigaction resumed> {SIG_DFL, [], 0}, 8) = 0
[pid 29693] rt_sigaction(SIGCHLD, NULL,  <unfinished ...>
[pid 29694] rt_sigprocmask(SIG_SETMASK, [],  <unfinished ...>
[pid 29693] <... rt_sigaction resumed> {SIG_DFL, [], 0}, 8) = 0
[pid 29694] <... rt_sigprocmask resumed> NULL, 8) = 0
[pid 29693] rt_sigprocmask(SIG_SETMASK, [],  <unfinished ...>
[pid 29694] nanosleep({1, 0},  <unfinished ...>
[pid 29693] <... rt_sigprocmask resumed> NULL, 8) = 0
[pid 29693] nanosleep({1, 0},  <unfinished ...>
[pid 29698] <... nanosleep resumed> 0xb4e80354) = 0
[pid 29698] rt_sigprocmask(SIG_BLOCK, [CHLD],  <unfinished ...>
[pid 29697] <... nanosleep resumed> 0xb5681354) = 0
[pid 29698] <... rt_sigprocmask resumed> [], 8) = 0
[pid 29698] rt_sigaction(SIGCHLD, NULL, {SIG_DFL, [], 0}, 8) = 0
[pid 29697] rt_sigprocmask(SIG_BLOCK, [CHLD],  <unfinished ...>
[pid 29698] rt_sigprocmask(SIG_SETMASK, [], NULL, 8) = 0
[pid 29698] nanosleep({1, 0},  <unfinished ...>
[pid 29697] <... rt_sigprocmask resumed> [], 8) = 0
[pid 29697] rt_sigaction(SIGCHLD, NULL, {SIG_DFL, [], 0}, 8) = 0
[pid 29697] rt_sigprocmask(SIG_SETMASK, [], NULL, 8) = 0
[pid 29697] nanosleep({1, 0},  <unfinished ...>
[pid 29696] <... nanosleep resumed> 0xb5e82354) = 0
[pid 29695] <... nanosleep resumed> 0xb6683354) = 0
[pid 29696] rt_sigprocmask(SIG_BLOCK, [CHLD], [], 8) = 0
[pid 29696] rt_sigaction(SIGCHLD, NULL, {SIG_DFL, [], 0}, 8) = 0
[pid 29696] rt_sigprocmask(SIG_SETMASK, [],  <unfinished ...>
[pid 29695] rt_sigprocmask(SIG_BLOCK, [CHLD],  <unfinished ...>
[pid 29696] <... rt_sigprocmask resumed> NULL, 8) = 0
[pid 29695] <... rt_sigprocmask resumed> [], 8) = 0
[pid 29696] nanosleep({1, 0},  <unfinished ...>
[pid 29695] rt_sigaction(SIGCHLD, NULL, {SIG_DFL, [], 0}, 8) = 0
[pid 29694] <... nanosleep resumed> 0xb6e84354) = 0
[pid 29695] rt_sigprocmask(SIG_SETMASK, [],  <unfinished ...>
[pid 29694] rt_sigprocmask(SIG_BLOCK, [CHLD],  <unfinished ...>
[pid 29695] <... rt_sigprocmask resumed> NULL, 8) = 0
[pid 29694] <... rt_sigprocmask resumed> [], 8) = 0
[pid 29695] nanosleep({1, 0},  <unfinished ...>
[pid 29694] rt_sigaction(SIGCHLD, NULL, {SIG_DFL, [], 0}, 8) = 0
[pid 29693] <... nanosleep resumed> 0xb7685354) = 0
[pid 29693] rt_sigprocmask(SIG_BLOCK, [CHLD],  <unfinished ...>
[pid 29694] rt_sigprocmask(SIG_SETMASK, [], NULL, 8) = 0
[pid 29693] <... rt_sigprocmask resumed> [], 8) = 0
[pid 29694] nanosleep({1, 0},  <unfinished ...>
[pid 29693] rt_sigaction(SIGCHLD, NULL, {SIG_DFL, [], 0}, 8) = 0
[pid 29693] rt_sigprocmask(SIG_SETMASK, [], NULL, 8) = 0
[pid 29693] nanosleep({1, 0},  <unfinished ...>
[pid 29698] <... nanosleep resumed> 0xb4e80354) = 0
[pid 29698] rt_sigprocmask(SIG_BLOCK, [CHLD], [], 8) = 0
[pid 29698] rt_sigaction(SIGCHLD, NULL, {SIG_DFL, [], 0}, 8) = 0
[pid 29697] <... nanosleep resumed> 0xb5681354) = 0
[pid 29698] rt_sigprocmask(SIG_SETMASK, [],  <unfinished ...>
[pid 29697] rt_sigprocmask(SIG_BLOCK, [CHLD],  <unfinished ...>
[pid 29698] <... rt_sigprocmask resumed> NULL, 8) = 0
[pid 29697] <... rt_sigprocmask resumed> [], 8) = 0
[pid 29698] nanosleep({1, 0},  <unfinished ...>
[pid 29697] rt_sigaction(SIGCHLD, NULL, {SIG_DFL, [], 0}, 8) = 0
[pid 29697] rt_sigprocmask(SIG_SETMASK, [], NULL, 8) = 0
[pid 29697] nanosleep({1, 0},  <unfinished ...>
[pid 29696] <... nanosleep resumed> 0xb5e82354) = 0
[pid 29696] rt_sigprocmask(SIG_BLOCK, [CHLD],  <unfinished ...>
[pid 29695] <... nanosleep resumed> 0xb6683354) = 0
[pid 29696] <... rt_sigprocmask resumed> [], 8) = 0
[pid 29695] rt_sigprocmask(SIG_BLOCK, [CHLD],  <unfinished ...>
[pid 29696] rt_sigaction(SIGCHLD, NULL,  <unfinished ...>
[pid 29695] <... rt_sigprocmask resumed> [], 8) = 0
[pid 29696] <... rt_sigaction resumed> {SIG_DFL, [], 0}, 8) = 0
[pid 29695] rt_sigaction(SIGCHLD, NULL,  <unfinished ...>
[pid 29696] rt_sigprocmask(SIG_SETMASK, [],  <unfinished ...>
[pid 29695] <... rt_sigaction resumed> {SIG_DFL, [], 0}, 8) = 0
[pid 29696] <... rt_sigprocmask resumed> NULL, 8) = 0
[pid 29695] rt_sigprocmask(SIG_SETMASK, [],  <unfinished ...>
[pid 29696] nanosleep({1, 0},  <unfinished ...>
[pid 29695] <... rt_sigprocmask resumed> NULL, 8) = 0
[pid 29694] <... nanosleep resumed> 0xb6e84354) = 0
[pid 29695] nanosleep({1, 0},  <unfinished ...>
[pid 29694] rt_sigprocmask(SIG_BLOCK, [CHLD],  <unfinished ...>
[pid 29693] <... nanosleep resumed> 0xb7685354) = 0
[pid 29694] <... rt_sigprocmask resumed> [], 8) = 0
[pid 29693] rt_sigprocmask(SIG_BLOCK, [CHLD],  <unfinished ...>
[pid 29694] rt_sigaction(SIGCHLD, NULL,  <unfinished ...>
[pid 29693] <... rt_sigprocmask resumed> [], 8) = 0
[pid 29694] <... rt_sigaction resumed> {SIG_DFL, [], 0}, 8) = 0
[pid 29693] rt_sigaction(SIGCHLD, NULL,  <unfinished ...>
[pid 29694] rt_sigprocmask(SIG_SETMASK, [],  <unfinished ...>
[pid 29693] <... rt_sigaction resumed> {SIG_DFL, [], 0}, 8) = 0
[pid 29694] <... rt_sigprocmask resumed> NULL, 8) = 0
[pid 29693] rt_sigprocmask(SIG_SETMASK, [],  <unfinished ...>
[pid 29694] nanosleep({1, 0},  <unfinished ...>
[pid 29693] <... rt_sigprocmask resumed> NULL, 8) = 0
[pid 29693] nanosleep({1, 0},  <unfinished ...>
[pid 29698] <... nanosleep resumed> 0xb4e80354) = 0
[pid 29698] rt_sigprocmask(SIG_BLOCK, [CHLD], [], 8) = 0
[pid 29697] <... nanosleep resumed> 0xb5681354) = 0
[pid 29698] rt_sigaction(SIGCHLD, NULL,  <unfinished ...>
[pid 29697] rt_sigprocmask(SIG_BLOCK, [CHLD],  <unfinished ...>
[pid 29698] <... rt_sigaction resumed> {SIG_DFL, [], 0}, 8) = 0
[pid 29697] <... rt_sigprocmask resumed> [], 8) = 0
[pid 29698] rt_sigprocmask(SIG_SETMASK, [],  <unfinished ...>
[pid 29697] rt_sigaction(SIGCHLD, NULL,  <unfinished ...>
[pid 29698] <... rt_sigprocmask resumed> NULL, 8) = 0
[pid 29697] <... rt_sigaction resumed> {SIG_DFL, [], 0}, 8) = 0
[pid 29698] nanosleep({1, 0},  <unfinished ...>
[pid 29697] rt_sigprocmask(SIG_SETMASK, [], NULL, 8) = 0
[pid 29697] nanosleep({1, 0},  <unfinished ...>
[pid 29696] <... nanosleep resumed> 0xb5e82354) = 0
[pid 29695] <... nanosleep resumed> 0xb6683354) = 0
[pid 29696] rt_sigprocmask(SIG_BLOCK, [CHLD],  <unfinished ...>
[pid 29695] rt_sigprocmask(SIG_BLOCK, [CHLD],  <unfinished ...>
[pid 29696] <... rt_sigprocmask resumed> [], 8) = 0
[pid 29695] <... rt_sigprocmask resumed> [], 8) = 0
[pid 29696] rt_sigaction(SIGCHLD, NULL,  <unfinished ...>
[pid 29695] rt_sigaction(SIGCHLD, NULL,  <unfinished ...>
[pid 29696] <... rt_sigaction resumed> {SIG_DFL, [], 0}, 8) = 0
[pid 29696] rt_sigprocmask(SIG_SETMASK, [],  <unfinished ...>
[pid 29695] <... rt_sigaction resumed> {SIG_DFL, [], 0}, 8) = 0
[pid 29696] <... rt_sigprocmask resumed> NULL, 8) = 0
[pid 29695] rt_sigprocmask(SIG_SETMASK, [],  <unfinished ...>
[pid 29696] nanosleep({1, 0},  <unfinished ...>
[pid 29695] <... rt_sigprocmask resumed> NULL, 8) = 0
[pid 29694] <... nanosleep resumed> 0xb6e84354) = 0
[pid 29695] nanosleep({1, 0},  <unfinished ...>
[pid 29694] rt_sigprocmask(SIG_BLOCK, [CHLD],  <unfinished ...>
[pid 29693] <... nanosleep resumed> 0xb7685354) = 0
[pid 29694] <... rt_sigprocmask resumed> [], 8) = 0
[pid 29693] rt_sigprocmask(SIG_BLOCK, [CHLD],  <unfinished ...>
[pid 29694] rt_sigaction(SIGCHLD, NULL,  <unfinished ...>
[pid 29693] <... rt_sigprocmask resumed> [], 8) = 0
[pid 29694] <... rt_sigaction resumed> {SIG_DFL, [], 0}, 8) = 0
[pid 29693] rt_sigaction(SIGCHLD, NULL,  <unfinished ...>
[pid 29694] rt_sigprocmask(SIG_SETMASK, [],  <unfinished ...>
[pid 29693] <... rt_sigaction resumed> {SIG_DFL, [], 0}, 8) = 0
[pid 29694] <... rt_sigprocmask resumed> NULL, 8) = 0
[pid 29693] rt_sigprocmask(SIG_SETMASK, [],  <unfinished ...>
[pid 29694] nanosleep({1, 0},  <unfinished ...>
[pid 29693] <... rt_sigprocmask resumed> NULL, 8) = 0
[pid 29693] nanosleep({1, 0},  <unfinished ...>
[pid 29698] <... nanosleep resumed> 0xb4e80354) = 0
[pid 29698] rt_sigprocmask(SIG_BLOCK, [CHLD],  <unfinished ...>
[pid 29697] <... nanosleep resumed> 0xb5681354) = 0
[pid 29698] <... rt_sigprocmask resumed> [], 8) = 0
[pid 29697] rt_sigprocmask(SIG_BLOCK, [CHLD],  <unfinished ...>
[pid 29698] rt_sigaction(SIGCHLD, NULL,  <unfinished ...>
[pid 29697] <... rt_sigprocmask resumed> [], 8) = 0
[pid 29698] <... rt_sigaction resumed> {SIG_DFL, [], 0}, 8) = 0
[pid 29697] rt_sigaction(SIGCHLD, NULL,  <unfinished ...>
[pid 29698] rt_sigprocmask(SIG_SETMASK, [],  <unfinished ...>
[pid 29697] <... rt_sigaction resumed> {SIG_DFL, [], 0}, 8) = 0
[pid 29698] <... rt_sigprocmask resumed> NULL, 8) = 0
[pid 29697] rt_sigprocmask(SIG_SETMASK, [],  <unfinished ...>
[pid 29698] nanosleep({1, 0},  <unfinished ...>
[pid 29697] <... rt_sigprocmask resumed> NULL, 8) = 0
[pid 29697] nanosleep({1, 0},  <unfinished ...>
[pid 29696] <... nanosleep resumed> 0xb5e82354) = 0
[pid 29695] <... nanosleep resumed> 0xb6683354) = 0
[pid 29696] rt_sigprocmask(SIG_BLOCK, [CHLD],  <unfinished ...>
[pid 29695] rt_sigprocmask(SIG_BLOCK, [CHLD],  <unfinished ...>
[pid 29696] <... rt_sigprocmask resumed> [], 8) = 0
[pid 29695] <... rt_sigprocmask resumed> [], 8) = 0
[pid 29696] rt_sigaction(SIGCHLD, NULL,  <unfinished ...>
[pid 29695] rt_sigaction(SIGCHLD, NULL,  <unfinished ...>
[pid 29696] <... rt_sigaction resumed> {SIG_DFL, [], 0}, 8) = 0
[pid 29695] <... rt_sigaction resumed> {SIG_DFL, [], 0}, 8) = 0
[pid 29696] rt_sigprocmask(SIG_SETMASK, [],  <unfinished ...>
[pid 29695] rt_sigprocmask(SIG_SETMASK, [],  <unfinished ...>
[pid 29696] <... rt_sigprocmask resumed> NULL, 8) = 0
[pid 29695] <... rt_sigprocmask resumed> NULL, 8) = 0
[pid 29696] nanosleep({1, 0},  <unfinished ...>
[pid 29695] nanosleep({1, 0},  <unfinished ...>
[pid 29694] <... nanosleep resumed> 0xb6e84354) = 0
[pid 29693] <... nanosleep resumed> 0xb7685354) = 0
[pid 29694] rt_sigprocmask(SIG_BLOCK, [CHLD],  <unfinished ...>
[pid 29693] rt_sigprocmask(SIG_BLOCK, [CHLD],  <unfinished ...>
[pid 29694] <... rt_sigprocmask resumed> [], 8) = 0
[pid 29693] <... rt_sigprocmask resumed> [], 8) = 0
[pid 29694] rt_sigaction(SIGCHLD, NULL,  <unfinished ...>
[pid 29693] rt_sigaction(SIGCHLD, NULL,  <unfinished ...>
[pid 29694] <... rt_sigaction resumed> {SIG_DFL, [], 0}, 8) = 0
[pid 29693] <... rt_sigaction resumed> {SIG_DFL, [], 0}, 8) = 0
[pid 29694] rt_sigprocmask(SIG_SETMASK, [],  <unfinished ...>
[pid 29693] rt_sigprocmask(SIG_SETMASK, [],  <unfinished ...>
[pid 29694] <... rt_sigprocmask resumed> NULL, 8) = 0
[pid 29693] <... rt_sigprocmask resumed> NULL, 8) = 0
[pid 29694] nanosleep({1, 0},  <unfinished ...>
[pid 29693] nanosleep({1, 0},  <unfinished ...>
[pid 29698] <... nanosleep resumed> 0xb4e80354) = 0
[pid 29697] <... nanosleep resumed> 0xb5681354) = 0
[pid 29698] rt_sigprocmask(SIG_BLOCK, [CHLD],  <unfinished ...>
[pid 29697] rt_sigprocmask(SIG_BLOCK, [CHLD],  <unfinished ...>
[pid 29698] <... rt_sigprocmask resumed> [], 8) = 0
[pid 29697] <... rt_sigprocmask resumed> [], 8) = 0
[pid 29698] rt_sigaction(SIGCHLD, NULL,  <unfinished ...>
[pid 29697] rt_sigaction(SIGCHLD, NULL,  <unfinished ...>
[pid 29698] <... rt_sigaction resumed> {SIG_DFL, [], 0}, 8) = 0
[pid 29697] <... rt_sigaction resumed> {SIG_DFL, [], 0}, 8) = 0
[pid 29698] rt_sigprocmask(SIG_SETMASK, [],  <unfinished ...>
[pid 29697] rt_sigprocmask(SIG_SETMASK, [],  <unfinished ...>
[pid 29698] <... rt_sigprocmask resumed> NULL, 8) = 0
[pid 29697] <... rt_sigprocmask resumed> NULL, 8) = 0
[pid 29698] nanosleep({1, 0},  <unfinished ...>
[pid 29697] nanosleep({1, 0},  <unfinished ...>
[pid 29696] <... nanosleep resumed> 0xb5e82354) = 0
[pid 29695] <... nanosleep resumed> 0xb6683354) = 0
[pid 29696] write(2, "[PRODUCER #4] Buffer count incre"..., 48[PRODUCER #4] Buffer count increased 	 Count: 7
 <unfinished ...>
[pid 29695] futex(0xb77e234c, FUTEX_WAIT_PRIVATE, 2, NULL <unfinished ...>
[pid 29696] <... write resumed> )       = 48
[pid 29696] futex(0xb77e234c, FUTEX_WAKE_PRIVATE, 1) = 1
[pid 29695] <... futex resumed> )       = 0
[pid 29696] rt_sigprocmask(SIG_BLOCK, [CHLD],  <unfinished ...>
[pid 29695] write(2, "[PRODUCER #3] Buffer count incre"..., 48[PRODUCER #3] Buffer count increased 	 Count: 8
 <unfinished ...>
[pid 29696] <... rt_sigprocmask resumed> [], 8) = 0
[pid 29695] <... write resumed> )       = 48
[pid 29696] rt_sigaction(SIGCHLD, NULL,  <unfinished ...>
[pid 29695] futex(0xb77e234c, FUTEX_WAKE_PRIVATE, 1 <unfinished ...>
[pid 29696] <... rt_sigaction resumed> {SIG_DFL, [], 0}, 8) = 0
[pid 29695] <... futex resumed> )       = 0
[pid 29696] rt_sigprocmask(SIG_SETMASK, [],  <unfinished ...>
[pid 29695] rt_sigprocmask(SIG_BLOCK, [CHLD],  <unfinished ...>
[pid 29696] <... rt_sigprocmask resumed> NULL, 8) = 0
[pid 29695] <... rt_sigprocmask resumed> [], 8) = 0
[pid 29696] nanosleep({12, 0},  <unfinished ...>
[pid 29695] rt_sigaction(SIGCHLD, NULL,  <unfinished ...>
[pid 29694] <... nanosleep resumed> 0xb6e84354) = 0
[pid 29695] <... rt_sigaction resumed> {SIG_DFL, [], 0}, 8) = 0
[pid 29694] write(2, "[PRODUCER #2] Buffer count incre"..., 48[PRODUCER #2] Buffer count increased 	 Count: 8
 <unfinished ...>
[pid 29695] rt_sigprocmask(SIG_SETMASK, [],  <unfinished ...>
[pid 29694] <... write resumed> )       = 48
[pid 29695] <... rt_sigprocmask resumed> NULL, 8) = 0
[pid 29694] rt_sigprocmask(SIG_BLOCK, [CHLD],  <unfinished ...>
[pid 29695] nanosleep({12, 0},  <unfinished ...>
[pid 29694] <... rt_sigprocmask resumed> [], 8) = 0
[pid 29693] <... nanosleep resumed> 0xb7685354) = 0
[pid 29694] rt_sigaction(SIGCHLD, NULL,  <unfinished ...>
[pid 29693] write(2, "[PRODUCER #1] Buffer count incre"..., 48[PRODUCER #1] Buffer count increased 	 Count: 8
 <unfinished ...>
[pid 29694] <... rt_sigaction resumed> {SIG_DFL, [], 0}, 8) = 0
[pid 29693] <... write resumed> )       = 48
[pid 29694] rt_sigprocmask(SIG_SETMASK, [],  <unfinished ...>
[pid 29693] rt_sigprocmask(SIG_BLOCK, [CHLD],  <unfinished ...>
[pid 29694] <... rt_sigprocmask resumed> NULL, 8) = 0
[pid 29693] <... rt_sigprocmask resumed> [], 8) = 0
[pid 29694] nanosleep({12, 0},  <unfinished ...>
[pid 29693] rt_sigaction(SIGCHLD, NULL, {SIG_DFL, [], 0}, 8) = 0
[pid 29693] rt_sigprocmask(SIG_SETMASK, [], NULL, 8) = 0
[pid 29693] nanosleep({12, 0},  <unfinished ...>
[pid 29698] <... nanosleep resumed> 0xb4e80354) = 0
[pid 29697] <... nanosleep resumed> 0xb5681354) = 0
[pid 29698] rt_sigprocmask(SIG_BLOCK, [CHLD],  <unfinished ...>
[pid 29697] rt_sigprocmask(SIG_BLOCK, [CHLD],  <unfinished ...>
[pid 29698] <... rt_sigprocmask resumed> [], 8) = 0
[pid 29697] <... rt_sigprocmask resumed> [], 8) = 0
[pid 29698] rt_sigaction(SIGCHLD, NULL,  <unfinished ...>
[pid 29697] rt_sigaction(SIGCHLD, NULL,  <unfinished ...>
[pid 29698] <... rt_sigaction resumed> {SIG_DFL, [], 0}, 8) = 0
[pid 29697] <... rt_sigaction resumed> {SIG_DFL, [], 0}, 8) = 0
[pid 29698] rt_sigprocmask(SIG_SETMASK, [],  <unfinished ...>
[pid 29697] rt_sigprocmask(SIG_SETMASK, [],  <unfinished ...>
[pid 29698] <... rt_sigprocmask resumed> NULL, 8) = 0
[pid 29697] <... rt_sigprocmask resumed> NULL, 8) = 0
[pid 29698] nanosleep({1, 0},  <unfinished ...>
[pid 29697] nanosleep({1, 0},  <unfinished ...>
[pid 29698] <... nanosleep resumed> 0xb4e80354) = 0
[pid 29697] <... nanosleep resumed> 0xb5681354) = 0
[pid 29698] rt_sigprocmask(SIG_BLOCK, [CHLD],  <unfinished ...>
[pid 29697] rt_sigprocmask(SIG_BLOCK, [CHLD],  <unfinished ...>
[pid 29698] <... rt_sigprocmask resumed> [], 8) = 0
[pid 29697] <... rt_sigprocmask resumed> [], 8) = 0
[pid 29698] rt_sigaction(SIGCHLD, NULL,  <unfinished ...>
[pid 29697] rt_sigaction(SIGCHLD, NULL,  <unfinished ...>
[pid 29698] <... rt_sigaction resumed> {SIG_DFL, [], 0}, 8) = 0
[pid 29697] <... rt_sigaction resumed> {SIG_DFL, [], 0}, 8) = 0
[pid 29698] rt_sigprocmask(SIG_SETMASK, [],  <unfinished ...>
[pid 29697] rt_sigprocmask(SIG_SETMASK, [],  <unfinished ...>
[pid 29698] <... rt_sigprocmask resumed> NULL, 8) = 0
[pid 29697] <... rt_sigprocmask resumed> NULL, 8) = 0
[pid 29698] nanosleep({1, 0},  <unfinished ...>
[pid 29697] nanosleep({1, 0},  <unfinished ...>
[pid 29698] <... nanosleep resumed> 0xb4e80354) = 0
[pid 29697] <... nanosleep resumed> 0xb5681354) = 0
[pid 29698] rt_sigprocmask(SIG_BLOCK, [CHLD],  <unfinished ...>
[pid 29697] rt_sigprocmask(SIG_BLOCK, [CHLD],  <unfinished ...>
[pid 29698] <... rt_sigprocmask resumed> [], 8) = 0
[pid 29697] <... rt_sigprocmask resumed> [], 8) = 0
[pid 29698] rt_sigaction(SIGCHLD, NULL,  <unfinished ...>
[pid 29697] rt_sigaction(SIGCHLD, NULL,  <unfinished ...>
[pid 29698] <... rt_sigaction resumed> {SIG_DFL, [], 0}, 8) = 0
[pid 29697] <... rt_sigaction resumed> {SIG_DFL, [], 0}, 8) = 0
[pid 29698] rt_sigprocmask(SIG_SETMASK, [],  <unfinished ...>
[pid 29697] rt_sigprocmask(SIG_SETMASK, [],  <unfinished ...>
[pid 29698] <... rt_sigprocmask resumed> NULL, 8) = 0
[pid 29697] <... rt_sigprocmask resumed> NULL, 8) = 0
[pid 29698] nanosleep({1, 0},  <unfinished ...>
[pid 29697] nanosleep({1, 0},  <unfinished ...>
[pid 29698] <... nanosleep resumed> 0xb4e80354) = 0
[pid 29697] <... nanosleep resumed> 0xb5681354) = 0
[pid 29698] rt_sigprocmask(SIG_BLOCK, [CHLD],  <unfinished ...>
[pid 29697] rt_sigprocmask(SIG_BLOCK, [CHLD],  <unfinished ...>
[pid 29698] <... rt_sigprocmask resumed> [], 8) = 0
[pid 29697] <... rt_sigprocmask resumed> [], 8) = 0
[pid 29698] rt_sigaction(SIGCHLD, NULL,  <unfinished ...>
[pid 29697] rt_sigaction(SIGCHLD, NULL,  <unfinished ...>
[pid 29698] <... rt_sigaction resumed> {SIG_DFL, [], 0}, 8) = 0
[pid 29697] <... rt_sigaction resumed> {SIG_DFL, [], 0}, 8) = 0
[pid 29698] rt_sigprocmask(SIG_SETMASK, [],  <unfinished ...>
[pid 29697] rt_sigprocmask(SIG_SETMASK, [],  <unfinished ...>
[pid 29698] <... rt_sigprocmask resumed> NULL, 8) = 0
[pid 29697] <... rt_sigprocmask resumed> NULL, 8) = 0
[pid 29698] nanosleep({1, 0},  <unfinished ...>
[pid 29697] nanosleep({1, 0},  <unfinished ...>
[pid 29698] <... nanosleep resumed> 0xb4e80354) = 0
[pid 29697] <... nanosleep resumed> 0xb5681354) = 0
[pid 29698] rt_sigprocmask(SIG_BLOCK, [CHLD],  <unfinished ...>
[pid 29697] rt_sigprocmask(SIG_BLOCK, [CHLD],  <unfinished ...>
[pid 29698] <... rt_sigprocmask resumed> [], 8) = 0
[pid 29697] <... rt_sigprocmask resumed> [], 8) = 0
[pid 29698] rt_sigaction(SIGCHLD, NULL,  <unfinished ...>
[pid 29697] rt_sigaction(SIGCHLD, NULL,  <unfinished ...>
[pid 29698] <... rt_sigaction resumed> {SIG_DFL, [], 0}, 8) = 0
[pid 29697] <... rt_sigaction resumed> {SIG_DFL, [], 0}, 8) = 0
[pid 29698] rt_sigprocmask(SIG_SETMASK, [],  <unfinished ...>
[pid 29697] rt_sigprocmask(SIG_SETMASK, [],  <unfinished ...>
[pid 29698] <... rt_sigprocmask resumed> NULL, 8) = 0
[pid 29697] <... rt_sigprocmask resumed> NULL, 8) = 0
[pid 29698] nanosleep({1, 0},  <unfinished ...>
[pid 29697] nanosleep({1, 0},  <unfinished ...>
[pid 29698] <... nanosleep resumed> 0xb4e80354) = 0
[pid 29697] <... nanosleep resumed> 0xb5681354) = 0
[pid 29698] write(2, "[CONSUMER #2] Buffer count decre"..., 48[CONSUMER #2] Buffer count decreased 	 Count: 0
 <unfinished ...>
[pid 29697] futex(0xb77e234c, FUTEX_WAIT_PRIVATE, 2, NULL <unfinished ...>
[pid 29698] <... write resumed> )       = 48
[pid 29698] futex(0xb77e234c, FUTEX_WAKE_PRIVATE, 1) = 1
[pid 29697] <... futex resumed> )       = 0
[pid 29698] rt_sigprocmask(SIG_BLOCK, [CHLD],  <unfinished ...>
[pid 29697] write(2, "[CONSUMER #1] Buffer count decre"..., 48[CONSUMER #1] Buffer count decreased 	 Count: 0
 <unfinished ...>
[pid 29698] <... rt_sigprocmask resumed> [], 8) = 0
[pid 29697] <... write resumed> )       = 48
[pid 29698] rt_sigaction(SIGCHLD, NULL,  <unfinished ...>
[pid 29697] futex(0xb77e234c, FUTEX_WAKE_PRIVATE, 1 <unfinished ...>
[pid 29698] <... rt_sigaction resumed> {SIG_DFL, [], 0}, 8) = 0
[pid 29697] <... futex resumed> )       = 0
[pid 29698] rt_sigprocmask(SIG_SETMASK, [],  <unfinished ...>
[pid 29697] rt_sigprocmask(SIG_BLOCK, [CHLD],  <unfinished ...>
[pid 29698] <... rt_sigprocmask resumed> NULL, 8) = 0
[pid 29697] <... rt_sigprocmask resumed> [], 8) = 0
[pid 29698] nanosleep({13, 0},  <unfinished ...>
[pid 29697] rt_sigaction(SIGCHLD, NULL, {SIG_DFL, [], 0}, 8) = 0
[pid 29697] rt_sigprocmask(SIG_SETMASK, [], NULL, 8) = 0
[pid 29697] nanosleep({13, 0},  <unfinished ...>
[pid 29696] <... nanosleep resumed> 0xb5e82354) = 0
[pid 29695] <... nanosleep resumed> 0xb6683354) = 0
[pid 29696] rt_sigprocmask(SIG_BLOCK, [CHLD],  <unfinished ...>
[pid 29695] rt_sigprocmask(SIG_BLOCK, [CHLD],  <unfinished ...>
[pid 29696] <... rt_sigprocmask resumed> [], 8) = 0
[pid 29695] <... rt_sigprocmask resumed> [], 8) = 0
[pid 29696] rt_sigaction(SIGCHLD, NULL,  <unfinished ...>
[pid 29695] rt_sigaction(SIGCHLD, NULL,  <unfinished ...>
[pid 29696] <... rt_sigaction resumed> {SIG_DFL, [], 0}, 8) = 0
[pid 29695] <... rt_sigaction resumed> {SIG_DFL, [], 0}, 8) = 0
[pid 29696] rt_sigprocmask(SIG_SETMASK, [],  <unfinished ...>
[pid 29695] rt_sigprocmask(SIG_SETMASK, [],  <unfinished ...>
[pid 29696] <... rt_sigprocmask resumed> NULL, 8) = 0
[pid 29695] <... rt_sigprocmask resumed> NULL, 8) = 0
[pid 29696] nanosleep({1, 0},  <unfinished ...>
[pid 29695] nanosleep({1, 0},  <unfinished ...>
[pid 29694] <... nanosleep resumed> 0xb6e84354) = 0
[pid 29693] <... nanosleep resumed> 0xb7685354) = 0
[pid 29694] rt_sigprocmask(SIG_BLOCK, [CHLD],  <unfinished ...>
[pid 29693] rt_sigprocmask(SIG_BLOCK, [CHLD],  <unfinished ...>
[pid 29694] <... rt_sigprocmask resumed> [], 8) = 0
[pid 29693] <... rt_sigprocmask resumed> [], 8) = 0
[pid 29694] rt_sigaction(SIGCHLD, NULL,  <unfinished ...>
[pid 29693] rt_sigaction(SIGCHLD, NULL,  <unfinished ...>
[pid 29694] <... rt_sigaction resumed> {SIG_DFL, [], 0}, 8) = 0
[pid 29693] <... rt_sigaction resumed> {SIG_DFL, [], 0}, 8) = 0
[pid 29694] rt_sigprocmask(SIG_SETMASK, [],  <unfinished ...>
[pid 29693] rt_sigprocmask(SIG_SETMASK, [],  <unfinished ...>
[pid 29694] <... rt_sigprocmask resumed> NULL, 8) = 0
[pid 29693] <... rt_sigprocmask resumed> NULL, 8) = 0
[pid 29694] nanosleep({1, 0},  <unfinished ...>
[pid 29693] nanosleep({1, 0},  <unfinished ...>
[pid 29696] <... nanosleep resumed> 0xb5e82354) = 0
[pid 29695] <... nanosleep resumed> 0xb6683354) = 0
[pid 29696] rt_sigprocmask(SIG_BLOCK, [CHLD],  <unfinished ...>
[pid 29695] rt_sigprocmask(SIG_BLOCK, [CHLD],  <unfinished ...>
[pid 29696] <... rt_sigprocmask resumed> [], 8) = 0
[pid 29695] <... rt_sigprocmask resumed> [], 8) = 0
[pid 29696] rt_sigaction(SIGCHLD, NULL,  <unfinished ...>
[pid 29695] rt_sigaction(SIGCHLD, NULL,  <unfinished ...>
[pid 29696] <... rt_sigaction resumed> {SIG_DFL, [], 0}, 8) = 0
[pid 29695] <... rt_sigaction resumed> {SIG_DFL, [], 0}, 8) = 0
[pid 29696] rt_sigprocmask(SIG_SETMASK, [],  <unfinished ...>
[pid 29695] rt_sigprocmask(SIG_SETMASK, [],  <unfinished ...>
[pid 29696] <... rt_sigprocmask resumed> NULL, 8) = 0
[pid 29695] <... rt_sigprocmask resumed> NULL, 8) = 0
[pid 29696] nanosleep({1, 0},  <unfinished ...>
[pid 29695] nanosleep({1, 0},  <unfinished ...>
[pid 29694] <... nanosleep resumed> 0xb6e84354) = 0
[pid 29693] <... nanosleep resumed> 0xb7685354) = 0
[pid 29694] rt_sigprocmask(SIG_BLOCK, [CHLD],  <unfinished ...>
[pid 29693] rt_sigprocmask(SIG_BLOCK, [CHLD],  <unfinished ...>
[pid 29694] <... rt_sigprocmask resumed> [], 8) = 0
[pid 29693] <... rt_sigprocmask resumed> [], 8) = 0
[pid 29694] rt_sigaction(SIGCHLD, NULL,  <unfinished ...>
[pid 29693] rt_sigaction(SIGCHLD, NULL,  <unfinished ...>
[pid 29694] <... rt_sigaction resumed> {SIG_DFL, [], 0}, 8) = 0
[pid 29693] <... rt_sigaction resumed> {SIG_DFL, [], 0}, 8) = 0
[pid 29694] rt_sigprocmask(SIG_SETMASK, [],  <unfinished ...>
[pid 29693] rt_sigprocmask(SIG_SETMASK, [],  <unfinished ...>
[pid 29694] <... rt_sigprocmask resumed> NULL, 8) = 0
[pid 29693] <... rt_sigprocmask resumed> NULL, 8) = 0
[pid 29694] nanosleep({1, 0},  <unfinished ...>
[pid 29693] nanosleep({1, 0},  <unfinished ...>
[pid 29696] <... nanosleep resumed> 0xb5e82354) = 0
[pid 29695] <... nanosleep resumed> 0xb6683354) = 0
[pid 29696] rt_sigprocmask(SIG_BLOCK, [CHLD],  <unfinished ...>
[pid 29695] rt_sigprocmask(SIG_BLOCK, [CHLD],  <unfinished ...>
[pid 29696] <... rt_sigprocmask resumed> [], 8) = 0
[pid 29695] <... rt_sigprocmask resumed> [], 8) = 0
[pid 29696] rt_sigaction(SIGCHLD, NULL,  <unfinished ...>
[pid 29695] rt_sigaction(SIGCHLD, NULL,  <unfinished ...>
[pid 29696] <... rt_sigaction resumed> {SIG_DFL, [], 0}, 8) = 0
[pid 29695] <... rt_sigaction resumed> {SIG_DFL, [], 0}, 8) = 0
[pid 29696] rt_sigprocmask(SIG_SETMASK, [],  <unfinished ...>
[pid 29695] rt_sigprocmask(SIG_SETMASK, [],  <unfinished ...>
[pid 29696] <... rt_sigprocmask resumed> NULL, 8) = 0
[pid 29695] <... rt_sigprocmask resumed> NULL, 8) = 0
[pid 29696] nanosleep({1, 0},  <unfinished ...>
[pid 29695] nanosleep({1, 0},  <unfinished ...>
[pid 29694] <... nanosleep resumed> 0xb6e84354) = 0
[pid 29693] <... nanosleep resumed> 0xb7685354) = 0
[pid 29694] rt_sigprocmask(SIG_BLOCK, [CHLD],  <unfinished ...>
[pid 29693] rt_sigprocmask(SIG_BLOCK, [CHLD],  <unfinished ...>
[pid 29694] <... rt_sigprocmask resumed> [], 8) = 0
[pid 29693] <... rt_sigprocmask resumed> [], 8) = 0
[pid 29694] rt_sigaction(SIGCHLD, NULL,  <unfinished ...>
[pid 29693] rt_sigaction(SIGCHLD, NULL,  <unfinished ...>
[pid 29694] <... rt_sigaction resumed> {SIG_DFL, [], 0}, 8) = 0
[pid 29693] <... rt_sigaction resumed> {SIG_DFL, [], 0}, 8) = 0
[pid 29694] rt_sigprocmask(SIG_SETMASK, [],  <unfinished ...>
[pid 29693] rt_sigprocmask(SIG_SETMASK, [],  <unfinished ...>
[pid 29694] <... rt_sigprocmask resumed> NULL, 8) = 0
[pid 29693] <... rt_sigprocmask resumed> NULL, 8) = 0
[pid 29694] nanosleep({1, 0},  <unfinished ...>
[pid 29693] nanosleep({1, 0},  <unfinished ...>
[pid 29696] <... nanosleep resumed> 0xb5e82354) = 0
[pid 29695] <... nanosleep resumed> 0xb6683354) = 0
[pid 29696] rt_sigprocmask(SIG_BLOCK, [CHLD],  <unfinished ...>
[pid 29695] rt_sigprocmask(SIG_BLOCK, [CHLD],  <unfinished ...>
[pid 29696] <... rt_sigprocmask resumed> [], 8) = 0
[pid 29695] <... rt_sigprocmask resumed> [], 8) = 0
[pid 29696] rt_sigaction(SIGCHLD, NULL,  <unfinished ...>
[pid 29695] rt_sigaction(SIGCHLD, NULL,  <unfinished ...>
[pid 29696] <... rt_sigaction resumed> {SIG_DFL, [], 0}, 8) = 0
[pid 29695] <... rt_sigaction resumed> {SIG_DFL, [], 0}, 8) = 0
[pid 29696] rt_sigprocmask(SIG_SETMASK, [],  <unfinished ...>
[pid 29695] rt_sigprocmask(SIG_SETMASK, [],  <unfinished ...>
[pid 29696] <... rt_sigprocmask resumed> NULL, 8) = 0
[pid 29695] <... rt_sigprocmask resumed> NULL, 8) = 0
[pid 29696] nanosleep({1, 0},  <unfinished ...>
[pid 29695] nanosleep({1, 0},  <unfinished ...>
[pid 29694] <... nanosleep resumed> 0xb6e84354) = 0
[pid 29693] <... nanosleep resumed> 0xb7685354) = 0
[pid 29694] rt_sigprocmask(SIG_BLOCK, [CHLD],  <unfinished ...>
[pid 29693] rt_sigprocmask(SIG_BLOCK, [CHLD],  <unfinished ...>
[pid 29694] <... rt_sigprocmask resumed> [], 8) = 0
[pid 29693] <... rt_sigprocmask resumed> [], 8) = 0
[pid 29694] rt_sigaction(SIGCHLD, NULL,  <unfinished ...>
[pid 29693] rt_sigaction(SIGCHLD, NULL,  <unfinished ...>
[pid 29694] <... rt_sigaction resumed> {SIG_DFL, [], 0}, 8) = 0
[pid 29693] <... rt_sigaction resumed> {SIG_DFL, [], 0}, 8) = 0
[pid 29694] rt_sigprocmask(SIG_SETMASK, [],  <unfinished ...>
[pid 29693] rt_sigprocmask(SIG_SETMASK, [],  <unfinished ...>
[pid 29694] <... rt_sigprocmask resumed> NULL, 8) = 0
[pid 29693] <... rt_sigprocmask resumed> NULL, 8) = 0
[pid 29694] nanosleep({1, 0},  <unfinished ...>
[pid 29693] nanosleep({1, 0},  <unfinished ...>
[pid 29696] <... nanosleep resumed> 0xb5e82354) = 0
[pid 29695] <... nanosleep resumed> 0xb6683354) = 0
[pid 29696] rt_sigprocmask(SIG_BLOCK, [CHLD],  <unfinished ...>
[pid 29695] rt_sigprocmask(SIG_BLOCK, [CHLD],  <unfinished ...>
[pid 29696] <... rt_sigprocmask resumed> [], 8) = 0
[pid 29695] <... rt_sigprocmask resumed> [], 8) = 0
[pid 29696] rt_sigaction(SIGCHLD, NULL,  <unfinished ...>
[pid 29695] rt_sigaction(SIGCHLD, NULL,  <unfinished ...>
[pid 29696] <... rt_sigaction resumed> {SIG_DFL, [], 0}, 8) = 0
[pid 29695] <... rt_sigaction resumed> {SIG_DFL, [], 0}, 8) = 0
[pid 29696] rt_sigprocmask(SIG_SETMASK, [],  <unfinished ...>
[pid 29695] rt_sigprocmask(SIG_SETMASK, [],  <unfinished ...>
[pid 29696] <... rt_sigprocmask resumed> NULL, 8) = 0
[pid 29695] <... rt_sigprocmask resumed> NULL, 8) = 0
[pid 29696] nanosleep({1, 0},  <unfinished ...>
[pid 29695] nanosleep({1, 0},  <unfinished ...>
[pid 29694] <... nanosleep resumed> 0xb6e84354) = 0
[pid 29693] <... nanosleep resumed> 0xb7685354) = 0
[pid 29694] rt_sigprocmask(SIG_BLOCK, [CHLD],  <unfinished ...>
[pid 29693] rt_sigprocmask(SIG_BLOCK, [CHLD],  <unfinished ...>
[pid 29694] <... rt_sigprocmask resumed> [], 8) = 0
[pid 29693] <... rt_sigprocmask resumed> [], 8) = 0
[pid 29694] rt_sigaction(SIGCHLD, NULL,  <unfinished ...>
[pid 29693] rt_sigaction(SIGCHLD, NULL,  <unfinished ...>
[pid 29694] <... rt_sigaction resumed> {SIG_DFL, [], 0}, 8) = 0
[pid 29693] <... rt_sigaction resumed> {SIG_DFL, [], 0}, 8) = 0
[pid 29694] rt_sigprocmask(SIG_SETMASK, [],  <unfinished ...>
[pid 29693] rt_sigprocmask(SIG_SETMASK, [],  <unfinished ...>
[pid 29694] <... rt_sigprocmask resumed> NULL, 8) = 0
[pid 29693] <... rt_sigprocmask resumed> NULL, 8) = 0
[pid 29694] nanosleep({1, 0},  <unfinished ...>
[pid 29693] nanosleep({1, 0},  <unfinished ...>
[pid 29696] <... nanosleep resumed> 0xb5e82354) = 0
[pid 29695] <... nanosleep resumed> 0xb6683354) = 0
[pid 29696] rt_sigprocmask(SIG_BLOCK, [CHLD],  <unfinished ...>
[pid 29695] rt_sigprocmask(SIG_BLOCK, [CHLD],  <unfinished ...>
[pid 29696] <... rt_sigprocmask resumed> [], 8) = 0
[pid 29695] <... rt_sigprocmask resumed> [], 8) = 0
[pid 29696] rt_sigaction(SIGCHLD, NULL,  <unfinished ...>
[pid 29695] rt_sigaction(SIGCHLD, NULL,  <unfinished ...>
[pid 29696] <... rt_sigaction resumed> {SIG_DFL, [], 0}, 8) = 0
[pid 29695] <... rt_sigaction resumed> {SIG_DFL, [], 0}, 8) = 0
[pid 29696] rt_sigprocmask(SIG_SETMASK, [],  <unfinished ...>
[pid 29695] rt_sigprocmask(SIG_SETMASK, [],  <unfinished ...>
[pid 29696] <... rt_sigprocmask resumed> NULL, 8) = 0
[pid 29695] <... rt_sigprocmask resumed> NULL, 8) = 0
[pid 29696] nanosleep({1, 0},  <unfinished ...>
[pid 29695] nanosleep({1, 0},  <unfinished ...>
[pid 29694] <... nanosleep resumed> 0xb6e84354) = 0
[pid 29693] <... nanosleep resumed> 0xb7685354) = 0
[pid 29694] rt_sigprocmask(SIG_BLOCK, [CHLD],  <unfinished ...>
[pid 29693] rt_sigprocmask(SIG_BLOCK, [CHLD],  <unfinished ...>
[pid 29694] <... rt_sigprocmask resumed> [], 8) = 0
[pid 29693] <... rt_sigprocmask resumed> [], 8) = 0
[pid 29694] rt_sigaction(SIGCHLD, NULL,  <unfinished ...>
[pid 29693] rt_sigaction(SIGCHLD, NULL,  <unfinished ...>
[pid 29694] <... rt_sigaction resumed> {SIG_DFL, [], 0}, 8) = 0
[pid 29693] <... rt_sigaction resumed> {SIG_DFL, [], 0}, 8) = 0
[pid 29694] rt_sigprocmask(SIG_SETMASK, [],  <unfinished ...>
[pid 29693] rt_sigprocmask(SIG_SETMASK, [],  <unfinished ...>
[pid 29694] <... rt_sigprocmask resumed> NULL, 8) = 0
[pid 29693] <... rt_sigprocmask resumed> NULL, 8) = 0
[pid 29694] nanosleep({1, 0},  <unfinished ...>
[pid 29693] nanosleep({1, 0},  <unfinished ...>
[pid 29696] <... nanosleep resumed> 0xb5e82354) = 0
[pid 29695] <... nanosleep resumed> 0xb6683354) = 0
[pid 29696] write(2, "[PRODUCER #4] Buffer count incre"..., 48[PRODUCER #4] Buffer count increased 	 Count: 8
 <unfinished ...>
[pid 29695] futex(0xb77e234c, FUTEX_WAIT_PRIVATE, 2, NULL <unfinished ...>
[pid 29696] <... write resumed> )       = 48
[pid 29696] futex(0xb77e234c, FUTEX_WAKE_PRIVATE, 1) = 1
[pid 29695] <... futex resumed> )       = 0
[pid 29696] rt_sigprocmask(SIG_BLOCK, [CHLD],  <unfinished ...>
[pid 29695] write(2, "[PRODUCER #3] Buffer count incre"..., 48[PRODUCER #3] Buffer count increased 	 Count: 8
 <unfinished ...>
[pid 29696] <... rt_sigprocmask resumed> [], 8) = 0
[pid 29695] <... write resumed> )       = 48
[pid 29696] rt_sigaction(SIGCHLD, NULL,  <unfinished ...>
[pid 29695] futex(0xb77e234c, FUTEX_WAKE_PRIVATE, 1 <unfinished ...>
[pid 29696] <... rt_sigaction resumed> {SIG_DFL, [], 0}, 8) = 0
[pid 29695] <... futex resumed> )       = 0
[pid 29696] rt_sigprocmask(SIG_SETMASK, [],  <unfinished ...>
[pid 29695] rt_sigprocmask(SIG_BLOCK, [CHLD],  <unfinished ...>
[pid 29696] <... rt_sigprocmask resumed> NULL, 8) = 0
[pid 29695] <... rt_sigprocmask resumed> [], 8) = 0
[pid 29696] nanosleep({12, 0},  <unfinished ...>
[pid 29695] rt_sigaction(SIGCHLD, NULL,  <unfinished ...>
[pid 29694] <... nanosleep resumed> 0xb6e84354) = 0
[pid 29695] <... rt_sigaction resumed> {SIG_DFL, [], 0}, 8) = 0
[pid 29694] write(2, "[PRODUCER #2] Buffer count incre"..., 48[PRODUCER #2] Buffer count increased 	 Count: 8
 <unfinished ...>
[pid 29695] rt_sigprocmask(SIG_SETMASK, [],  <unfinished ...>
[pid 29694] <... write resumed> )       = 48
[pid 29695] <... rt_sigprocmask resumed> NULL, 8) = 0
[pid 29694] rt_sigprocmask(SIG_BLOCK, [CHLD],  <unfinished ...>
[pid 29695] nanosleep({12, 0},  <unfinished ...>
[pid 29694] <... rt_sigprocmask resumed> [], 8) = 0
[pid 29693] <... nanosleep resumed> 0xb7685354) = 0
[pid 29694] rt_sigaction(SIGCHLD, NULL,  <unfinished ...>
[pid 29693] write(2, "[PRODUCER #1] Buffer count incre"..., 48[PRODUCER #1] Buffer count increased 	 Count: 8
 <unfinished ...>
[pid 29694] <... rt_sigaction resumed> {SIG_DFL, [], 0}, 8) = 0
[pid 29693] <... write resumed> )       = 48
[pid 29694] rt_sigprocmask(SIG_SETMASK, [],  <unfinished ...>
[pid 29693] rt_sigprocmask(SIG_BLOCK, [CHLD],  <unfinished ...>
[pid 29694] <... rt_sigprocmask resumed> NULL, 8) = 0
[pid 29693] <... rt_sigprocmask resumed> [], 8) = 0
[pid 29694] nanosleep({12, 0},  <unfinished ...>
[pid 29693] rt_sigaction(SIGCHLD, NULL, {SIG_DFL, [], 0}, 8) = 0
[pid 29693] rt_sigprocmask(SIG_SETMASK, [], NULL, 8) = 0
[pid 29693] nanosleep({12, 0},  <unfinished ...>
[pid 29698] <... nanosleep resumed> 0xb4e80354) = 0
[pid 29698] rt_sigprocmask(SIG_BLOCK, [CHLD], [], 8) = 0
[pid 29697] <... nanosleep resumed> 0xb5681354) = 0
[pid 29698] rt_sigaction(SIGCHLD, NULL,  <unfinished ...>
[pid 29697] rt_sigprocmask(SIG_BLOCK, [CHLD],  <unfinished ...>
[pid 29698] <... rt_sigaction resumed> {SIG_DFL, [], 0}, 8) = 0
[pid 29697] <... rt_sigprocmask resumed> [], 8) = 0
[pid 29698] rt_sigprocmask(SIG_SETMASK, [],  <unfinished ...>
[pid 29697] rt_sigaction(SIGCHLD, NULL,  <unfinished ...>
[pid 29698] <... rt_sigprocmask resumed> NULL, 8) = 0
[pid 29697] <... rt_sigaction resumed> {SIG_DFL, [], 0}, 8) = 0
[pid 29698] nanosleep({1, 0},  <unfinished ...>
[pid 29697] rt_sigprocmask(SIG_SETMASK, [], NULL, 8) = 0
[pid 29697] nanosleep({1, 0},  <unfinished ...>
[pid 29698] <... nanosleep resumed> 0xb4e80354) = 0
[pid 29697] <... nanosleep resumed> 0xb5681354) = 0
[pid 29698] rt_sigprocmask(SIG_BLOCK, [CHLD],  <unfinished ...>
[pid 29697] rt_sigprocmask(SIG_BLOCK, [CHLD],  <unfinished ...>
[pid 29698] <... rt_sigprocmask resumed> [], 8) = 0
[pid 29697] <... rt_sigprocmask resumed> [], 8) = 0
[pid 29698] rt_sigaction(SIGCHLD, NULL,  <unfinished ...>
[pid 29697] rt_sigaction(SIGCHLD, NULL,  <unfinished ...>
[pid 29698] <... rt_sigaction resumed> {SIG_DFL, [], 0}, 8) = 0
[pid 29697] <... rt_sigaction resumed> {SIG_DFL, [], 0}, 8) = 0
[pid 29698] rt_sigprocmask(SIG_SETMASK, [],  <unfinished ...>
[pid 29697] rt_sigprocmask(SIG_SETMASK, [],  <unfinished ...>
[pid 29698] <... rt_sigprocmask resumed> NULL, 8) = 0
[pid 29697] <... rt_sigprocmask resumed> NULL, 8) = 0
[pid 29698] nanosleep({1, 0},  <unfinished ...>
[pid 29697] nanosleep({1, 0},  <unfinished ...>
[pid 29698] <... nanosleep resumed> 0xb4e80354) = 0
[pid 29697] <... nanosleep resumed> 0xb5681354) = 0
[pid 29698] rt_sigprocmask(SIG_BLOCK, [CHLD],  <unfinished ...>
[pid 29697] rt_sigprocmask(SIG_BLOCK, [CHLD],  <unfinished ...>
[pid 29698] <... rt_sigprocmask resumed> [], 8) = 0
[pid 29697] <... rt_sigprocmask resumed> [], 8) = 0
[pid 29698] rt_sigaction(SIGCHLD, NULL,  <unfinished ...>
[pid 29697] rt_sigaction(SIGCHLD, NULL,  <unfinished ...>
[pid 29698] <... rt_sigaction resumed> {SIG_DFL, [], 0}, 8) = 0
[pid 29697] <... rt_sigaction resumed> {SIG_DFL, [], 0}, 8) = 0
[pid 29698] rt_sigprocmask(SIG_SETMASK, [],  <unfinished ...>
[pid 29697] rt_sigprocmask(SIG_SETMASK, [],  <unfinished ...>
[pid 29698] <... rt_sigprocmask resumed> NULL, 8) = 0
[pid 29697] <... rt_sigprocmask resumed> NULL, 8) = 0
[pid 29698] nanosleep({1, 0},  <unfinished ...>
[pid 29697] nanosleep({1, 0},  <unfinished ...>
[pid 29698] <... nanosleep resumed> 0xb4e80354) = 0
[pid 29697] <... nanosleep resumed> 0xb5681354) = 0
[pid 29698] rt_sigprocmask(SIG_BLOCK, [CHLD],  <unfinished ...>
[pid 29697] rt_sigprocmask(SIG_BLOCK, [CHLD],  <unfinished ...>
[pid 29698] <... rt_sigprocmask resumed> [], 8) = 0
[pid 29697] <... rt_sigprocmask resumed> [], 8) = 0
[pid 29698] rt_sigaction(SIGCHLD, NULL,  <unfinished ...>
[pid 29697] rt_sigaction(SIGCHLD, NULL,  <unfinished ...>
[pid 29698] <... rt_sigaction resumed> {SIG_DFL, [], 0}, 8) = 0
[pid 29697] <... rt_sigaction resumed> {SIG_DFL, [], 0}, 8) = 0
[pid 29698] rt_sigprocmask(SIG_SETMASK, [],  <unfinished ...>
[pid 29697] rt_sigprocmask(SIG_SETMASK, [],  <unfinished ...>
[pid 29698] <... rt_sigprocmask resumed> NULL, 8) = 0
[pid 29697] <... rt_sigprocmask resumed> NULL, 8) = 0
[pid 29698] nanosleep({1, 0},  <unfinished ...>
[pid 29697] nanosleep({1, 0},  <unfinished ...>
[pid 29698] <... nanosleep resumed> 0xb4e80354) = 0
[pid 29697] <... nanosleep resumed> 0xb5681354) = 0
[pid 29698] rt_sigprocmask(SIG_BLOCK, [CHLD],  <unfinished ...>
[pid 29697] rt_sigprocmask(SIG_BLOCK, [CHLD],  <unfinished ...>
[pid 29698] <... rt_sigprocmask resumed> [], 8) = 0
[pid 29697] <... rt_sigprocmask resumed> [], 8) = 0
[pid 29698] rt_sigaction(SIGCHLD, NULL,  <unfinished ...>
[pid 29697] rt_sigaction(SIGCHLD, NULL,  <unfinished ...>
[pid 29698] <... rt_sigaction resumed> {SIG_DFL, [], 0}, 8) = 0
[pid 29697] <... rt_sigaction resumed> {SIG_DFL, [], 0}, 8) = 0
[pid 29698] rt_sigprocmask(SIG_SETMASK, [],  <unfinished ...>
[pid 29697] rt_sigprocmask(SIG_SETMASK, [],  <unfinished ...>
[pid 29698] <... rt_sigprocmask resumed> NULL, 8) = 0
[pid 29697] <... rt_sigprocmask resumed> NULL, 8) = 0
[pid 29698] nanosleep({1, 0},  <unfinished ...>
[pid 29697] nanosleep({1, 0},  <unfinished ...>
[pid 29698] <... nanosleep resumed> 0xb4e80354) = 0
[pid 29697] <... nanosleep resumed> 0xb5681354) = 0
[pid 29698] rt_sigprocmask(SIG_BLOCK, [CHLD],  <unfinished ...>
[pid 29697] rt_sigprocmask(SIG_BLOCK, [CHLD],  <unfinished ...>
[pid 29698] <... rt_sigprocmask resumed> [], 8) = 0
[pid 29697] <... rt_sigprocmask resumed> [], 8) = 0
[pid 29698] rt_sigaction(SIGCHLD, NULL,  <unfinished ...>
[pid 29697] rt_sigaction(SIGCHLD, NULL,  <unfinished ...>
[pid 29698] <... rt_sigaction resumed> {SIG_DFL, [], 0}, 8) = 0
[pid 29697] <... rt_sigaction resumed> {SIG_DFL, [], 0}, 8) = 0
[pid 29698] rt_sigprocmask(SIG_SETMASK, [],  <unfinished ...>
[pid 29697] rt_sigprocmask(SIG_SETMASK, [],  <unfinished ...>
[pid 29698] <... rt_sigprocmask resumed> NULL, 8) = 0
[pid 29697] <... rt_sigprocmask resumed> NULL, 8) = 0
[pid 29698] nanosleep({1, 0},  <unfinished ...>
[pid 29697] nanosleep({1, 0},  <unfinished ...>
[pid 29698] <... nanosleep resumed> 0xb4e80354) = 0
[pid 29697] <... nanosleep resumed> 0xb5681354) = 0
[pid 29698] rt_sigprocmask(SIG_BLOCK, [CHLD],  <unfinished ...>
[pid 29697] rt_sigprocmask(SIG_BLOCK, [CHLD],  <unfinished ...>
[pid 29698] <... rt_sigprocmask resumed> [], 8) = 0
[pid 29697] <... rt_sigprocmask resumed> [], 8) = 0
[pid 29698] rt_sigaction(SIGCHLD, NULL,  <unfinished ...>
[pid 29697] rt_sigaction(SIGCHLD, NULL,  <unfinished ...>
[pid 29698] <... rt_sigaction resumed> {SIG_DFL, [], 0}, 8) = 0
[pid 29698] rt_sigprocmask(SIG_SETMASK, [],  <unfinished ...>
[pid 29697] <... rt_sigaction resumed> {SIG_DFL, [], 0}, 8) = 0
[pid 29698] <... rt_sigprocmask resumed> NULL, 8) = 0
[pid 29697] rt_sigprocmask(SIG_SETMASK, [],  <unfinished ...>
[pid 29698] nanosleep({1, 0},  <unfinished ...>
[pid 29697] <... rt_sigprocmask resumed> NULL, 8) = 0
[pid 29697] nanosleep({1, 0},  <unfinished ...>
[pid 29698] <... nanosleep resumed> 0xb4e80354) = 0
[pid 29697] <... nanosleep resumed> 0xb5681354) = 0
[pid 29698] rt_sigprocmask(SIG_BLOCK, [CHLD],  <unfinished ...>
[pid 29697] rt_sigprocmask(SIG_BLOCK, [CHLD],  <unfinished ...>
[pid 29698] <... rt_sigprocmask resumed> [], 8) = 0
[pid 29697] <... rt_sigprocmask resumed> [], 8) = 0
[pid 29698] rt_sigaction(SIGCHLD, NULL,  <unfinished ...>
[pid 29697] rt_sigaction(SIGCHLD, NULL,  <unfinished ...>
[pid 29698] <... rt_sigaction resumed> {SIG_DFL, [], 0}, 8) = 0
[pid 29697] <... rt_sigaction resumed> {SIG_DFL, [], 0}, 8) = 0
[pid 29698] rt_sigprocmask(SIG_SETMASK, [],  <unfinished ...>
[pid 29697] rt_sigprocmask(SIG_SETMASK, [],  <unfinished ...>
[pid 29698] <... rt_sigprocmask resumed> NULL, 8) = 0
[pid 29697] <... rt_sigprocmask resumed> NULL, 8) = 0
[pid 29698] nanosleep({1, 0},  <unfinished ...>
[pid 29697] nanosleep({1, 0},  <unfinished ...>
[pid 29698] <... nanosleep resumed> 0xb4e80354) = 0
[pid 29697] <... nanosleep resumed> 0xb5681354) = 0
[pid 29698] rt_sigprocmask(SIG_BLOCK, [CHLD],  <unfinished ...>
[pid 29697] rt_sigprocmask(SIG_BLOCK, [CHLD],  <unfinished ...>
[pid 29698] <... rt_sigprocmask resumed> [], 8) = 0
[pid 29697] <... rt_sigprocmask resumed> [], 8) = 0
[pid 29698] rt_sigaction(SIGCHLD, NULL,  <unfinished ...>
[pid 29697] rt_sigaction(SIGCHLD, NULL,  <unfinished ...>
[pid 29698] <... rt_sigaction resumed> {SIG_DFL, [], 0}, 8) = 0
[pid 29697] <... rt_sigaction resumed> {SIG_DFL, [], 0}, 8) = 0
[pid 29698] rt_sigprocmask(SIG_SETMASK, [],  <unfinished ...>
[pid 29697] rt_sigprocmask(SIG_SETMASK, [],  <unfinished ...>
[pid 29698] <... rt_sigprocmask resumed> NULL, 8) = 0
[pid 29697] <... rt_sigprocmask resumed> NULL, 8) = 0
[pid 29698] nanosleep({1, 0},  <unfinished ...>
[pid 29697] nanosleep({1, 0},  <unfinished ...>
[pid 29698] <... nanosleep resumed> 0xb4e80354) = 0
[pid 29697] <... nanosleep resumed> 0xb5681354) = 0
[pid 29698] rt_sigprocmask(SIG_BLOCK, [CHLD],  <unfinished ...>
[pid 29697] rt_sigprocmask(SIG_BLOCK, [CHLD],  <unfinished ...>
[pid 29698] <... rt_sigprocmask resumed> [], 8) = 0
