$ strace -f ./unix_unsynchronized 8 4 2 6 12 13
execve("./unix_unsynchronized", ["./unix_unsynchronized", "8", "4", "2", "6", "12", "13"], [/* 29 vars */]) = 0
brk(0)                                  = 0x9e58000
mmap2(NULL, 4096, PROT_READ|PROT_WRITE, MAP_PRIVATE|MAP_ANONYMOUS, -1, 0) = 0xb7806000
access("/etc/ld.so.preload", R_OK)      = -1 ENOENT (No such file or directory)
open("/etc/ld.so.cache", O_RDONLY)      = 3
fstat64(3, {st_mode=S_IFREG|0644, st_size=26678, ...}) = 0
mmap2(NULL, 26678, PROT_READ, MAP_PRIVATE, 3, 0) = 0xb77ff000
close(3)                                = 0
open("/lib/libpthread.so.0", O_RDONLY)  = 3
read(3, "\177ELF\1\1\1\0\0\0\0\0\0\0\0\0\3\0\3\0\1\0\0\0\240\\\0\0004\0\0\0"..., 512) = 512
fstat64(3, {st_mode=S_IFREG|0755, st_size=121260, ...}) = 0
mmap2(NULL, 102924, PROT_READ|PROT_EXEC, MAP_PRIVATE|MAP_DENYWRITE, 3, 0) = 0xb77e5000
mprotect(0xb77fa000, 4096, PROT_NONE)   = 0
mmap2(0xb77fb000, 8192, PROT_READ|PROT_WRITE, MAP_PRIVATE|MAP_FIXED|MAP_DENYWRITE, 3, 0x15) = 0xb77fb000
mmap2(0xb77fd000, 4620, PROT_READ|PROT_WRITE, MAP_PRIVATE|MAP_FIXED|MAP_ANONYMOUS, -1, 0) = 0xb77fd000
close(3)                                = 0
open("/lib/libc.so.6", O_RDONLY)        = 3
read(3, "\177ELF\1\1\1\0\0\0\0\0\0\0\0\0\3\0\3\0\1\0\0\0\360\243\1\0004\0\0\0"..., 512) = 512
fstat64(3, {st_mode=S_IFREG|0755, st_size=1425820, ...}) = 0
mmap2(NULL, 1432104, PROT_READ|PROT_EXEC, MAP_PRIVATE|MAP_DENYWRITE, 3, 0) = 0xb7687000
mmap2(0xb77df000, 12288, PROT_READ|PROT_WRITE, MAP_PRIVATE|MAP_FIXED|MAP_DENYWRITE, 3, 0x158) = 0xb77df000
mmap2(0xb77e2000, 10792, PROT_READ|PROT_WRITE, MAP_PRIVATE|MAP_FIXED|MAP_ANONYMOUS, -1, 0) = 0xb77e2000
close(3)                                = 0
mmap2(NULL, 4096, PROT_READ|PROT_WRITE, MAP_PRIVATE|MAP_ANONYMOUS, -1, 0) = 0xb7686000
set_thread_area({entry_number:-1 -> 6, base_addr:0xb76866c0, limit:1048575, seg_32bit:1, contents:0, read_exec_only:0, limit_in_pages:1, seg_not_present:0, useable:1}) = 0
mprotect(0xb77df000, 8192, PROT_READ)   = 0
mprotect(0xb77fb000, 4096, PROT_READ)   = 0
mprotect(0x8049000, 4096, PROT_READ)    = 0
mprotect(0xb7824000, 4096, PROT_READ)   = 0
munmap(0xb77ff000, 26678)               = 0
set_tid_address(0xb7686728)             = 29692
set_robust_list(0xb7686730, 0xc)        = 0
futex(0xbf9f0d10, FUTEX_WAKE_PRIVATE, 1) = 0
futex(0xbf9f0d10, FUTEX_WAIT_BITSET_PRIVATE|FUTEX_CLOCK_REALTIME, 1, NULL, bf9f0d20) = -1 EAGAIN (Resource temporarily unavailable)
rt_sigaction(SIGRTMIN, {0xb77ea670, [], SA_SIGINFO}, NULL, 8) = 0
rt_sigaction(SIGRT_1, {0xb77ea6f0, [], SA_RESTART|SA_SIGINFO}, NULL, 8) = 0
rt_sigprocmask(SIG_UNBLOCK, [RTMIN RT_1], NULL, 8) = 0
getrlimit(RLIMIT_STACK, {rlim_cur=8192*1024, rlim_max=RLIM_INFINITY}) = 0
uname({sys="Linux", node="netlab4", ...}) = 0
brk(0)                                  = 0x9e58000
brk(0x9e79000)                          = 0x9e79000
fstat64(1, {st_mode=S_IFCHR|0620, st_rdev=makedev(136, 4), ...}) = 0
mmap2(NULL, 4096, PROT_READ|PROT_WRITE, MAP_PRIVATE|MAP_ANONYMOUS, -1, 0) = 0xb7805000
write(1, "Consumers to consume 12 buffers\n", 32Consumers to consume 12 buffers
) = 32
time(NULL)                              = 1333517885
open("/etc/localtime", O_RDONLY)        = 3
fstat64(3, {st_mode=S_IFREG|0644, st_size=2819, ...}) = 0
fstat64(3, {st_mode=S_IFREG|0644, st_size=2819, ...}) = 0
mmap2(NULL, 4096, PROT_READ|PROT_WRITE, MAP_PRIVATE|MAP_ANONYMOUS, -1, 0) = 0xb7804000
read(3, "TZif2\0\0\0\0\0\0\0\0\0\0\0\0\0\0\0\0\0\0\4\0\0\0\4\0\0\0\0"..., 4096) = 2819
_llseek(3, -24, [2795], SEEK_CUR)       = 0
read(3, "\nPST8PDT,M3.2.0,M11.1.0\n", 4096) = 24
close(3)                                = 0
munmap(0xb7804000, 4096)                = 0
write(1, "Start time: Tue Apr  3 22:38:05 "..., 37Start time: Tue Apr  3 22:38:05 2012
) = 37
write(1, "====================\n", 21====================
)  = 21
mmap2(NULL, 8392704, PROT_READ|PROT_WRITE, MAP_PRIVATE|MAP_ANONYMOUS|MAP_STACK, -1, 0) = 0xb6e85000
mprotect(0xb6e85000, 4096, PROT_NONE)   = 0
clone(Process 29693 attached
child_stack=0xb7685494, flags=CLONE_VM|CLONE_FS|CLONE_FILES|CLONE_SIGHAND|CLONE_THREAD|CLONE_SYSVSEM|CLONE_SETTLS|CLONE_PARENT_SETTID|CLONE_CHILD_CLEARTID, parent_tidptr=0xb7685bd8, {entry_number:6, base_addr:0xb7685b70, limit:1048575, seg_32bit:1, contents:0, read_exec_only:0, limit_in_pages:1, seg_not_present:0, useable:1}, child_tidptr=0xb7685bd8) = 29693
[pid 29692] mmap2(NULL, 8392704, PROT_READ|PROT_WRITE, MAP_PRIVATE|MAP_ANONYMOUS|MAP_STACK, -1, 0 <unfinished ...>
[pid 29693] set_robust_list(0xb7685be0, 0xc <unfinished ...>
[pid 29692] <... mmap2 resumed> )       = 0xb6684000
[pid 29693] <... set_robust_list resumed> ) = 0
[pid 29693] write(2, "**Producer #1 started**\n", 24**Producer #1 started**
 <unfinished ...>
[pid 29692] mprotect(0xb6684000, 4096, PROT_NONE <unfinished ...>
[pid 29693] <... write resumed> )       = 24
[pid 29692] <... mprotect resumed> )    = 0
[pid 29693] rt_sigprocmask(SIG_BLOCK, [CHLD],  <unfinished ...>
[pid 29692] clone( <unfinished ...>
[pid 29693] <... rt_sigprocmask resumed> [], 8) = 0
Process 29694 attached (waiting for parent)
[pid 29693] rt_sigaction(SIGCHLD, NULL, Process 29694 resumed (parent 29692 ready)
 <unfinished ...>
[pid 29694] set_robust_list(0xb6e84be0, 0xc <unfinished ...>
[pid 29693] <... rt_sigaction resumed> {SIG_DFL, [], 0}, 8) = 0
[pid 29694] <... set_robust_list resumed> ) = 0
[pid 29693] rt_sigprocmask(SIG_SETMASK, [],  <unfinished ...>
[pid 29694] write(2, "**Producer #2 started**\n", 24**Producer #2 started**
 <unfinished ...>
[pid 29693] <... rt_sigprocmask resumed> NULL, 8) = 0
[pid 29694] <... write resumed> )       = 24
[pid 29693] nanosleep({1, 0},  <unfinished ...>
[pid 29694] rt_sigprocmask(SIG_BLOCK, [CHLD],  <unfinished ...>
[pid 29692] <... clone resumed> child_stack=0xb6e84494, flags=CLONE_VM|CLONE_FS|CLONE_FILES|CLONE_SIGHAND|CLONE_THREAD|CLONE_SYSVSEM|CLONE_SETTLS|CLONE_PARENT_SETTID|CLONE_CHILD_CLEARTID, parent_tidptr=0xb6e84bd8, {entry_number:6, base_addr:0xb6e84b70, limit:1048575, seg_32bit:1, contents:0, read_exec_only:0, limit_in_pages:1, seg_not_present:0, useable:1}, child_tidptr=0xb6e84bd8) = 29694
[pid 29694] <... rt_sigprocmask resumed> [], 8) = 0
[pid 29692] mmap2(NULL, 8392704, PROT_READ|PROT_WRITE, MAP_PRIVATE|MAP_ANONYMOUS|MAP_STACK, -1, 0 <unfinished ...>
[pid 29694] rt_sigaction(SIGCHLD, NULL,  <unfinished ...>
[pid 29692] <... mmap2 resumed> )       = 0xb5e83000
[pid 29694] <... rt_sigaction resumed> {SIG_DFL, [], 0}, 8) = 0
[pid 29692] mprotect(0xb5e83000, 4096, PROT_NONE <unfinished ...>
[pid 29694] rt_sigprocmask(SIG_SETMASK, [],  <unfinished ...>
[pid 29692] <... mprotect resumed> )    = 0
[pid 29694] <... rt_sigprocmask resumed> NULL, 8) = 0
[pid 29692] clone( <unfinished ...>
[pid 29694] nanosleep({1, 0}, Process 29695 attached (waiting for parent)
Process 29695 resumed (parent 29692 ready)
 <unfinished ...>
[pid 29695] set_robust_list(0xb6683be0, 0xc <unfinished ...>
[pid 29692] <... clone resumed> child_stack=0xb6683494, flags=CLONE_VM|CLONE_FS|CLONE_FILES|CLONE_SIGHAND|CLONE_THREAD|CLONE_SYSVSEM|CLONE_SETTLS|CLONE_PARENT_SETTID|CLONE_CHILD_CLEARTID, parent_tidptr=0xb6683bd8, {entry_number:6, base_addr:0xb6683b70, limit:1048575, seg_32bit:1, contents:0, read_exec_only:0, limit_in_pages:1, seg_not_present:0, useable:1}, child_tidptr=0xb6683bd8) = 29695
[pid 29695] <... set_robust_list resumed> ) = 0
[pid 29692] mmap2(NULL, 8392704, PROT_READ|PROT_WRITE, MAP_PRIVATE|MAP_ANONYMOUS|MAP_STACK, -1, 0 <unfinished ...>
[pid 29695] write(2, "**Producer #3 started**\n", 24**Producer #3 started**
 <unfinished ...>
[pid 29692] <... mmap2 resumed> )       = 0xb5682000
[pid 29695] <... write resumed> )       = 24
[pid 29692] mprotect(0xb5682000, 4096, PROT_NONE <unfinished ...>
[pid 29695] rt_sigprocmask(SIG_BLOCK, [CHLD],  <unfinished ...>
[pid 29692] <... mprotect resumed> )    = 0
[pid 29695] <... rt_sigprocmask resumed> [], 8) = 0
[pid 29692] clone( <unfinished ...>
[pid 29695] rt_sigaction(SIGCHLD, NULL, Process 29696 attached (waiting for parent)
{SIG_DFL, [], 0}, 8) = 0
Process 29696 resumed (parent 29692 ready)
[pid 29696] set_robust_list(0xb5e82be0, 0xc <unfinished ...>
[pid 29695] rt_sigprocmask(SIG_SETMASK, [],  <unfinished ...>
[pid 29696] <... set_robust_list resumed> ) = 0
[pid 29695] <... rt_sigprocmask resumed> NULL, 8) = 0
[pid 29696] write(2, "**Producer #4 started**\n", 24**Producer #4 started**
 <unfinished ...>
[pid 29695] nanosleep({1, 0},  <unfinished ...>
[pid 29696] <... write resumed> )       = 24
[pid 29692] <... clone resumed> child_stack=0xb5e82494, flags=CLONE_VM|CLONE_FS|CLONE_FILES|CLONE_SIGHAND|CLONE_THREAD|CLONE_SYSVSEM|CLONE_SETTLS|CLONE_PARENT_SETTID|CLONE_CHILD_CLEARTID, parent_tidptr=0xb5e82bd8, {entry_number:6, base_addr:0xb5e82b70, limit:1048575, seg_32bit:1, contents:0, read_exec_only:0, limit_in_pages:1, seg_not_present:0, useable:1}, child_tidptr=0xb5e82bd8) = 29696
[pid 29696] rt_sigprocmask(SIG_BLOCK, [CHLD],  <unfinished ...>
[pid 29692] mmap2(NULL, 8392704, PROT_READ|PROT_WRITE, MAP_PRIVATE|MAP_ANONYMOUS|MAP_STACK, -1, 0 <unfinished ...>
[pid 29696] <... rt_sigprocmask resumed> [], 8) = 0
[pid 29692] <... mmap2 resumed> )       = 0xb4e81000
[pid 29696] rt_sigaction(SIGCHLD, NULL,  <unfinished ...>
[pid 29692] mprotect(0xb4e81000, 4096, PROT_NONE <unfinished ...>
[pid 29696] <... rt_sigaction resumed> {SIG_DFL, [], 0}, 8) = 0
[pid 29692] <... mprotect resumed> )    = 0
[pid 29696] rt_sigprocmask(SIG_SETMASK, [],  <unfinished ...>
[pid 29692] clone( <unfinished ...>
[pid 29696] <... rt_sigprocmask resumed> NULL, 8) = 0
Process 29697 attached (waiting for parent)
[pid 29696] nanosleep({1, 0}, Process 29697 resumed (parent 29692 ready)
 <unfinished ...>
[pid 29697] set_robust_list(0xb5681be0, 0xc <unfinished ...>
[pid 29692] <... clone resumed> child_stack=0xb5681494, flags=CLONE_VM|CLONE_FS|CLONE_FILES|CLONE_SIGHAND|CLONE_THREAD|CLONE_SYSVSEM|CLONE_SETTLS|CLONE_PARENT_SETTID|CLONE_CHILD_CLEARTID, parent_tidptr=0xb5681bd8, {entry_number:6, base_addr:0xb5681b70, limit:1048575, seg_32bit:1, contents:0, read_exec_only:0, limit_in_pages:1, seg_not_present:0, useable:1}, child_tidptr=0xb5681bd8) = 29697
[pid 29697] <... set_robust_list resumed> ) = 0
[pid 29692] mmap2(NULL, 8392704, PROT_READ|PROT_WRITE, MAP_PRIVATE|MAP_ANONYMOUS|MAP_STACK, -1, 0 <unfinished ...>
[pid 29697] write(2, "**Consumer #1 started**\n", 24**Consumer #1 started**
 <unfinished ...>
[pid 29692] <... mmap2 resumed> )       = 0xb4680000
[pid 29697] <... write resumed> )       = 24
[pid 29697] rt_sigprocmask(SIG_BLOCK, [CHLD],  <unfinished ...>
[pid 29692] mprotect(0xb4680000, 4096, PROT_NONE <unfinished ...>
[pid 29697] <... rt_sigprocmask resumed> [], 8) = 0
[pid 29692] <... mprotect resumed> )    = 0
[pid 29697] rt_sigaction(SIGCHLD, NULL,  <unfinished ...>
[pid 29692] clone( <unfinished ...>
[pid 29697] <... rt_sigaction resumed> {SIG_DFL, [], 0}, 8) = 0
Process 29698 attached (waiting for parent)
[pid 29697] rt_sigprocmask(SIG_SETMASK, [], Process 29698 resumed (parent 29692 ready)
 <unfinished ...>
[pid 29698] set_robust_list(0xb4e80be0, 0xc <unfinished ...>
[pid 29697] <... rt_sigprocmask resumed> NULL, 8) = 0
[pid 29698] <... set_robust_list resumed> ) = 0
[pid 29697] nanosleep({1, 0},  <unfinished ...>
[pid 29698] write(2, "**Consumer #2 started**\n", 24**Consumer #2 started**
 <unfinished ...>
[pid 29692] <... clone resumed> child_stack=0xb4e80494, flags=CLONE_VM|CLONE_FS|CLONE_FILES|CLONE_SIGHAND|CLONE_THREAD|CLONE_SYSVSEM|CLONE_SETTLS|CLONE_PARENT_SETTID|CLONE_CHILD_CLEARTID, parent_tidptr=0xb4e80bd8, {entry_number:6, base_addr:0xb4e80b70, limit:1048575, seg_32bit:1, contents:0, read_exec_only:0, limit_in_pages:1, seg_not_present:0, useable:1}, child_tidptr=0xb4e80bd8) = 29698
[pid 29698] <... write resumed> )       = 24
[pid 29692] futex(0xb7685bd8, FUTEX_WAIT, 29693, NULL <unfinished ...>
[pid 29698] rt_sigprocmask(SIG_BLOCK, [CHLD], [], 8) = 0
[pid 29698] rt_sigaction(SIGCHLD, NULL, {SIG_DFL, [], 0}, 8) = 0
[pid 29698] rt_sigprocmask(SIG_SETMASK, [], NULL, 8) = 0
[pid 29698] nanosleep({1, 0},  <unfinished ...>
[pid 29693] <... nanosleep resumed> 0xb7685354) = 0
[pid 29693] rt_sigprocmask(SIG_BLOCK, [CHLD], [], 8) = 0
[pid 29694] <... nanosleep resumed> 0xb6e84354) = 0
[pid 29693] rt_sigaction(SIGCHLD, NULL,  <unfinished ...>
[pid 29694] rt_sigprocmask(SIG_BLOCK, [CHLD],  <unfinished ...>
[pid 29693] <... rt_sigaction resumed> {SIG_DFL, [], 0}, 8) = 0
[pid 29694] <... rt_sigprocmask resumed> [], 8) = 0
[pid 29693] rt_sigprocmask(SIG_SETMASK, [],  <unfinished ...>
[pid 29694] rt_sigaction(SIGCHLD, NULL,  <unfinished ...>
[pid 29693] <... rt_sigprocmask resumed> NULL, 8) = 0
[pid 29694] <... rt_sigaction resumed> {SIG_DFL, [], 0}, 8) = 0
[pid 29693] nanosleep({1, 0},  <unfinished ...>
[pid 29694] rt_sigprocmask(SIG_SETMASK, [], NULL, 8) = 0
[pid 29694] nanosleep({1, 0},  <unfinished ...>
[pid 29695] <... nanosleep resumed> 0xb6683354) = 0
[pid 29695] rt_sigprocmask(SIG_BLOCK, [CHLD], [], 8) = 0
[pid 29696] <... nanosleep resumed> 0xb5e82354) = 0
[pid 29695] rt_sigaction(SIGCHLD, NULL,  <unfinished ...>
[pid 29696] rt_sigprocmask(SIG_BLOCK, [CHLD],  <unfinished ...>
[pid 29695] <... rt_sigaction resumed> {SIG_DFL, [], 0}, 8) = 0
[pid 29696] <... rt_sigprocmask resumed> [], 8) = 0
[pid 29695] rt_sigprocmask(SIG_SETMASK, [],  <unfinished ...>
[pid 29696] rt_sigaction(SIGCHLD, NULL,  <unfinished ...>
[pid 29695] <... rt_sigprocmask resumed> NULL, 8) = 0
[pid 29695] nanosleep({1, 0},  <unfinished ...>
[pid 29696] <... rt_sigaction resumed> {SIG_DFL, [], 0}, 8) = 0
[pid 29696] rt_sigprocmask(SIG_SETMASK, [], NULL, 8) = 0
[pid 29696] nanosleep({1, 0},  <unfinished ...>
[pid 29697] <... nanosleep resumed> 0xb5681354) = 0
[pid 29697] rt_sigprocmask(SIG_BLOCK, [CHLD], [], 8) = 0
[pid 29697] rt_sigaction(SIGCHLD, NULL, {SIG_DFL, [], 0}, 8) = 0
[pid 29698] <... nanosleep resumed> 0xb4e80354) = 0
[pid 29697] rt_sigprocmask(SIG_SETMASK, [],  <unfinished ...>
[pid 29698] rt_sigprocmask(SIG_BLOCK, [CHLD],  <unfinished ...>
[pid 29697] <... rt_sigprocmask resumed> NULL, 8) = 0
[pid 29698] <... rt_sigprocmask resumed> [], 8) = 0
[pid 29697] nanosleep({1, 0},  <unfinished ...>
[pid 29698] rt_sigaction(SIGCHLD, NULL, {SIG_DFL, [], 0}, 8) = 0
[pid 29698] rt_sigprocmask(SIG_SETMASK, [], NULL, 8) = 0
[pid 29698] nanosleep({1, 0},  <unfinished ...>
[pid 29693] <... nanosleep resumed> 0xb7685354) = 0
[pid 29694] <... nanosleep resumed> 0xb6e84354) = 0
[pid 29694] rt_sigprocmask(SIG_BLOCK, [CHLD],  <unfinished ...>
[pid 29693] rt_sigprocmask(SIG_BLOCK, [CHLD], [], 8) = 0
[pid 29694] <... rt_sigprocmask resumed> [], 8) = 0
[pid 29693] rt_sigaction(SIGCHLD, NULL,  <unfinished ...>
[pid 29694] rt_sigaction(SIGCHLD, NULL,  <unfinished ...>
[pid 29693] <... rt_sigaction resumed> {SIG_DFL, [], 0}, 8) = 0
[pid 29694] <... rt_sigaction resumed> {SIG_DFL, [], 0}, 8) = 0
[pid 29693] rt_sigprocmask(SIG_SETMASK, [],  <unfinished ...>
[pid 29694] rt_sigprocmask(SIG_SETMASK, [],  <unfinished ...>
[pid 29693] <... rt_sigprocmask resumed> NULL, 8) = 0
[pid 29693] nanosleep({1, 0},  <unfinished ...>
[pid 29694] <... rt_sigprocmask resumed> NULL, 8) = 0
[pid 29695] <... nanosleep resumed> 0xb6683354) = 0
[pid 29695] rt_sigprocmask(SIG_BLOCK, [CHLD], [], 8) = 0
[pid 29694] nanosleep({1, 0},  <unfinished ...>
[pid 29695] rt_sigaction(SIGCHLD, NULL, {SIG_DFL, [], 0}, 8) = 0
[pid 29696] <... nanosleep resumed> 0xb5e82354) = 0
[pid 29696] rt_sigprocmask(SIG_BLOCK, [CHLD],  <unfinished ...>
[pid 29695] rt_sigprocmask(SIG_SETMASK, [],  <unfinished ...>
[pid 29696] <... rt_sigprocmask resumed> [], 8) = 0
[pid 29695] <... rt_sigprocmask resumed> NULL, 8) = 0
[pid 29695] nanosleep({1, 0},  <unfinished ...>
[pid 29696] rt_sigaction(SIGCHLD, NULL, {SIG_DFL, [], 0}, 8) = 0
[pid 29696] rt_sigprocmask(SIG_SETMASK, [], NULL, 8) = 0
[pid 29696] nanosleep({1, 0},  <unfinished ...>
[pid 29697] <... nanosleep resumed> 0xb5681354) = 0
[pid 29697] rt_sigprocmask(SIG_BLOCK, [CHLD], [], 8) = 0
[pid 29697] rt_sigaction(SIGCHLD, NULL,  <unfinished ...>
[pid 29698] <... nanosleep resumed> 0xb4e80354) = 0
[pid 29697] <... rt_sigaction resumed> {SIG_DFL, [], 0}, 8) = 0
[pid 29698] rt_sigprocmask(SIG_BLOCK, [CHLD],  <unfinished ...>
[pid 29697] rt_sigprocmask(SIG_SETMASK, [],  <unfinished ...>
[pid 29698] <... rt_sigprocmask resumed> [], 8) = 0
[pid 29697] <... rt_sigprocmask resumed> NULL, 8) = 0
[pid 29698] rt_sigaction(SIGCHLD, NULL,  <unfinished ...>
[pid 29697] nanosleep({1, 0},  <unfinished ...>
[pid 29698] <... rt_sigaction resumed> {SIG_DFL, [], 0}, 8) = 0
[pid 29698] rt_sigprocmask(SIG_SETMASK, [], NULL, 8) = 0
[pid 29698] nanosleep({1, 0},  <unfinished ...>
[pid 29693] <... nanosleep resumed> 0xb7685354) = 0
[pid 29694] <... nanosleep resumed> 0xb6e84354) = 0
[pid 29694] rt_sigprocmask(SIG_BLOCK, [CHLD], [], 8) = 0
[pid 29694] rt_sigaction(SIGCHLD, NULL,  <unfinished ...>
[pid 29693] rt_sigprocmask(SIG_BLOCK, [CHLD],  <unfinished ...>
[pid 29694] <... rt_sigaction resumed> {SIG_DFL, [], 0}, 8) = 0
[pid 29695] <... nanosleep resumed> 0xb6683354) = 0
[pid 29695] rt_sigprocmask(SIG_BLOCK, [CHLD],  <unfinished ...>
[pid 29694] rt_sigprocmask(SIG_SETMASK, [],  <unfinished ...>
[pid 29695] <... rt_sigprocmask resumed> [], 8) = 0
[pid 29694] <... rt_sigprocmask resumed> NULL, 8) = 0
[pid 29695] rt_sigaction(SIGCHLD, NULL,  <unfinished ...>
[pid 29694] nanosleep({1, 0},  <unfinished ...>
[pid 29695] <... rt_sigaction resumed> {SIG_DFL, [], 0}, 8) = 0
[pid 29696] <... nanosleep resumed> 0xb5e82354) = 0
[pid 29695] rt_sigprocmask(SIG_SETMASK, [],  <unfinished ...>
[pid 29696] rt_sigprocmask(SIG_BLOCK, [CHLD],  <unfinished ...>
[pid 29695] <... rt_sigprocmask resumed> NULL, 8) = 0
[pid 29696] <... rt_sigprocmask resumed> [], 8) = 0
[pid 29695] nanosleep({1, 0},  <unfinished ...>
[pid 29696] rt_sigaction(SIGCHLD, NULL,  <unfinished ...>
[pid 29693] <... rt_sigprocmask resumed> [], 8) = 0
[pid 29696] <... rt_sigaction resumed> {SIG_DFL, [], 0}, 8) = 0
[pid 29693] rt_sigaction(SIGCHLD, NULL,  <unfinished ...>
[pid 29696] rt_sigprocmask(SIG_SETMASK, [],  <unfinished ...>
[pid 29693] <... rt_sigaction resumed> {SIG_DFL, [], 0}, 8) = 0
[pid 29696] <... rt_sigprocmask resumed> NULL, 8) = 0
[pid 29693] rt_sigprocmask(SIG_SETMASK, [],  <unfinished ...>
[pid 29696] nanosleep({1, 0},  <unfinished ...>
[pid 29693] <... rt_sigprocmask resumed> NULL, 8) = 0
[pid 29693] nanosleep({1, 0},  <unfinished ...>
[pid 29697] <... nanosleep resumed> 0xb5681354) = 0
[pid 29697] rt_sigprocmask(SIG_BLOCK, [CHLD], [], 8) = 0
[pid 29697] rt_sigaction(SIGCHLD, NULL, {SIG_DFL, [], 0}, 8) = 0
[pid 29698] <... nanosleep resumed> 0xb4e80354) = 0
[pid 29697] rt_sigprocmask(SIG_SETMASK, [], NULL, 8) = 0
[pid 29698] rt_sigprocmask(SIG_BLOCK, [CHLD],  <unfinished ...>
[pid 29697] nanosleep({1, 0},  <unfinished ...>
[pid 29698] <... rt_sigprocmask resumed> [], 8) = 0
[pid 29698] rt_sigaction(SIGCHLD, NULL, {SIG_DFL, [], 0}, 8) = 0
[pid 29698] rt_sigprocmask(SIG_SETMASK, [], NULL, 8) = 0
[pid 29698] nanosleep({1, 0},  <unfinished ...>
[pid 29694] <... nanosleep resumed> 0xb6e84354) = 0
[pid 29695] <... nanosleep resumed> 0xb6683354) = 0
[pid 29694] rt_sigprocmask(SIG_BLOCK, [CHLD],  <unfinished ...>
[pid 29695] rt_sigprocmask(SIG_BLOCK, [CHLD],  <unfinished ...>
[pid 29694] <... rt_sigprocmask resumed> [], 8) = 0
[pid 29695] <... rt_sigprocmask resumed> [], 8) = 0
[pid 29694] rt_sigaction(SIGCHLD, NULL,  <unfinished ...>
[pid 29695] rt_sigaction(SIGCHLD, NULL,  <unfinished ...>
[pid 29694] <... rt_sigaction resumed> {SIG_DFL, [], 0}, 8) = 0
[pid 29696] <... nanosleep resumed> 0xb5e82354) = 0
[pid 29695] <... rt_sigaction resumed> {SIG_DFL, [], 0}, 8) = 0
[pid 29696] rt_sigprocmask(SIG_BLOCK, [CHLD],  <unfinished ...>
[pid 29695] rt_sigprocmask(SIG_SETMASK, [],  <unfinished ...>
[pid 29696] <... rt_sigprocmask resumed> [], 8) = 0
[pid 29695] <... rt_sigprocmask resumed> NULL, 8) = 0
[pid 29696] rt_sigaction(SIGCHLD, NULL,  <unfinished ...>
[pid 29695] nanosleep({1, 0},  <unfinished ...>
[pid 29696] <... rt_sigaction resumed> {SIG_DFL, [], 0}, 8) = 0
[pid 29694] rt_sigprocmask(SIG_SETMASK, [],  <unfinished ...>
[pid 29696] rt_sigprocmask(SIG_SETMASK, [],  <unfinished ...>
[pid 29694] <... rt_sigprocmask resumed> NULL, 8) = 0
[pid 29696] <... rt_sigprocmask resumed> NULL, 8) = 0
[pid 29694] nanosleep({1, 0},  <unfinished ...>
[pid 29696] nanosleep({1, 0},  <unfinished ...>
[pid 29693] <... nanosleep resumed> 0xb7685354) = 0
[pid 29693] rt_sigprocmask(SIG_BLOCK, [CHLD], [], 8) = 0
[pid 29693] rt_sigaction(SIGCHLD, NULL, {SIG_DFL, [], 0}, 8) = 0
[pid 29693] rt_sigprocmask(SIG_SETMASK, [],  <unfinished ...>
[pid 29697] <... nanosleep resumed> 0xb5681354) = 0
[pid 29693] <... rt_sigprocmask resumed> NULL, 8) = 0
[pid 29697] rt_sigprocmask(SIG_BLOCK, [CHLD],  <unfinished ...>
[pid 29693] nanosleep({1, 0},  <unfinished ...>
[pid 29697] <... rt_sigprocmask resumed> [], 8) = 0
[pid 29697] rt_sigaction(SIGCHLD, NULL, {SIG_DFL, [], 0}, 8) = 0
[pid 29697] rt_sigprocmask(SIG_SETMASK, [], NULL, 8) = 0
[pid 29697] nanosleep({1, 0},  <unfinished ...>
[pid 29698] <... nanosleep resumed> 0xb4e80354) = 0
[pid 29698] rt_sigprocmask(SIG_BLOCK, [CHLD], [], 8) = 0
[pid 29698] rt_sigaction(SIGCHLD, NULL, {SIG_DFL, [], 0}, 8) = 0
[pid 29698] rt_sigprocmask(SIG_SETMASK, [], NULL, 8) = 0
[pid 29698] nanosleep({1, 0},  <unfinished ...>
[pid 29695] <... nanosleep resumed> 0xb6683354) = 0
[pid 29695] rt_sigprocmask(SIG_BLOCK, [CHLD],  <unfinished ...>
[pid 29696] <... nanosleep resumed> 0xb5e82354) = 0
[pid 29695] <... rt_sigprocmask resumed> [], 8) = 0
[pid 29696] rt_sigprocmask(SIG_BLOCK, [CHLD],  <unfinished ...>
[pid 29695] rt_sigaction(SIGCHLD, NULL,  <unfinished ...>
[pid 29696] <... rt_sigprocmask resumed> [], 8) = 0
[pid 29695] <... rt_sigaction resumed> {SIG_DFL, [], 0}, 8) = 0
[pid 29696] rt_sigaction(SIGCHLD, NULL,  <unfinished ...>
[pid 29695] rt_sigprocmask(SIG_SETMASK, [],  <unfinished ...>
[pid 29696] <... rt_sigaction resumed> {SIG_DFL, [], 0}, 8) = 0
[pid 29695] <... rt_sigprocmask resumed> NULL, 8) = 0
[pid 29696] rt_sigprocmask(SIG_SETMASK, [],  <unfinished ...>
[pid 29695] nanosleep({1, 0},  <unfinished ...>
[pid 29696] <... rt_sigprocmask resumed> NULL, 8) = 0
[pid 29694] <... nanosleep resumed> 0xb6e84354) = 0
[pid 29696] nanosleep({1, 0},  <unfinished ...>
[pid 29694] rt_sigprocmask(SIG_BLOCK, [CHLD],  <unfinished ...>
[pid 29697] <... nanosleep resumed> 0xb5681354) = 0
[pid 29694] <... rt_sigprocmask resumed> [], 8) = 0
[pid 29697] rt_sigprocmask(SIG_BLOCK, [CHLD],  <unfinished ...>
[pid 29694] rt_sigaction(SIGCHLD, NULL,  <unfinished ...>
[pid 29697] <... rt_sigprocmask resumed> [], 8) = 0
[pid 29694] <... rt_sigaction resumed> {SIG_DFL, [], 0}, 8) = 0
[pid 29697] rt_sigaction(SIGCHLD, NULL,  <unfinished ...>
[pid 29694] rt_sigprocmask(SIG_SETMASK, [],  <unfinished ...>
[pid 29697] <... rt_sigaction resumed> {SIG_DFL, [], 0}, 8) = 0
[pid 29694] <... rt_sigprocmask resumed> NULL, 8) = 0
[pid 29697] rt_sigprocmask(SIG_SETMASK, [],  <unfinished ...>
[pid 29694] nanosleep({1, 0},  <unfinished ...>
[pid 29697] <... rt_sigprocmask resumed> NULL, 8) = 0
[pid 29693] <... nanosleep resumed> 0xb7685354) = 0
[pid 29697] nanosleep({1, 0},  <unfinished ...>
[pid 29693] rt_sigprocmask(SIG_BLOCK, [CHLD], [], 8) = 0
[pid 29693] rt_sigaction(SIGCHLD, NULL, {SIG_DFL, [], 0}, 8) = 0
[pid 29693] rt_sigprocmask(SIG_SETMASK, [],  <unfinished ...>
[pid 29698] <... nanosleep resumed> 0xb4e80354) = 0
[pid 29693] <... rt_sigprocmask resumed> NULL, 8) = 0
[pid 29698] rt_sigprocmask(SIG_BLOCK, [CHLD],  <unfinished ...>
[pid 29693] nanosleep({1, 0},  <unfinished ...>
[pid 29698] <... rt_sigprocmask resumed> [], 8) = 0
[pid 29698] rt_sigaction(SIGCHLD, NULL, {SIG_DFL, [], 0}, 8) = 0
[pid 29698] rt_sigprocmask(SIG_SETMASK, [], NULL, 8) = 0
[pid 29698] nanosleep({1, 0},  <unfinished ...>
[pid 29696] <... nanosleep resumed> 0xb5e82354) = 0
[pid 29695] <... nanosleep resumed> 0xb6683354) = 0
[pid 29696] write(2, "[PRODUCER #4] Buffer count incre"..., 48[PRODUCER #4] Buffer count increased 	 Count: 8
 <unfinished ...>
[pid 29695] futex(0xb77e234c, FUTEX_WAIT_PRIVATE, 2, NULL <unfinished ...>
[pid 29696] <... write resumed> )       = 48
[pid 29696] futex(0xb77e234c, FUTEX_WAKE_PRIVATE, 1) = 1
[pid 29695] <... futex resumed> )       = 0
[pid 29696] rt_sigprocmask(SIG_BLOCK, [CHLD],  <unfinished ...>
[pid 29695] write(2, "[PRODUCER #3] Buffer count incre"..., 48[PRODUCER #3] Buffer count increased 	 Count: 8
 <unfinished ...>
[pid 29696] <... rt_sigprocmask resumed> [], 8) = 0
[pid 29695] <... write resumed> )       = 48
[pid 29697] <... nanosleep resumed> 0xb5681354) = 0
[pid 29696] rt_sigaction(SIGCHLD, NULL,  <unfinished ...>
[pid 29697] rt_sigprocmask(SIG_BLOCK, [CHLD],  <unfinished ...>
[pid 29696] <... rt_sigaction resumed> {SIG_DFL, [], 0}, 8) = 0
[pid 29697] <... rt_sigprocmask resumed> [], 8) = 0
[pid 29696] rt_sigprocmask(SIG_SETMASK, [],  <unfinished ...>
[pid 29697] rt_sigaction(SIGCHLD, NULL,  <unfinished ...>
[pid 29696] <... rt_sigprocmask resumed> NULL, 8) = 0
[pid 29697] <... rt_sigaction resumed> {SIG_DFL, [], 0}, 8) = 0
[pid 29696] nanosleep({12, 0},  <unfinished ...>
[pid 29697] rt_sigprocmask(SIG_SETMASK, [],  <unfinished ...>
[pid 29695] futex(0xb77e234c, FUTEX_WAKE_PRIVATE, 1 <unfinished ...>
[pid 29697] <... rt_sigprocmask resumed> NULL, 8) = 0
[pid 29695] <... futex resumed> )       = 0
[pid 29697] nanosleep({1, 0},  <unfinished ...>
[pid 29695] rt_sigprocmask(SIG_BLOCK, [CHLD], [], 8) = 0
[pid 29694] <... nanosleep resumed> 0xb6e84354) = 0
[pid 29695] rt_sigaction(SIGCHLD, NULL,  <unfinished ...>
[pid 29694] write(2, "[PRODUCER #2] Buffer count incre"..., 48[PRODUCER #2] Buffer count increased 	 Count: 8
 <unfinished ...>
[pid 29698] <... nanosleep resumed> 0xb4e80354) = 0
[pid 29695] <... rt_sigaction resumed> {SIG_DFL, [], 0}, 8) = 0
[pid 29698] rt_sigprocmask(SIG_BLOCK, [CHLD],  <unfinished ...>
[pid 29695] rt_sigprocmask(SIG_SETMASK, [], NULL, 8) = 0
[pid 29698] <... rt_sigprocmask resumed> [], 8) = 0
[pid 29695] nanosleep({12, 0},  <unfinished ...>
[pid 29694] <... write resumed> )       = 48
[pid 29698] rt_sigaction(SIGCHLD, NULL,  <unfinished ...>
[pid 29694] rt_sigprocmask(SIG_BLOCK, [CHLD],  <unfinished ...>
[pid 29698] <... rt_sigaction resumed> {SIG_DFL, [], 0}, 8) = 0
[pid 29694] <... rt_sigprocmask resumed> [], 8) = 0
[pid 29698] rt_sigprocmask(SIG_SETMASK, [],  <unfinished ...>
[pid 29694] rt_sigaction(SIGCHLD, NULL, {SIG_DFL, [], 0}, 8) = 0
[pid 29698] <... rt_sigprocmask resumed> NULL, 8) = 0
[pid 29694] rt_sigprocmask(SIG_SETMASK, [],  <unfinished ...>
[pid 29698] nanosleep({1, 0},  <unfinished ...>
[pid 29694] <... rt_sigprocmask resumed> NULL, 8) = 0
[pid 29693] <... nanosleep resumed> 0xb7685354) = 0
[pid 29694] nanosleep({12, 0},  <unfinished ...>
[pid 29693] write(2, "[PRODUCER #1] Buffer count incre"..., 48[PRODUCER #1] Buffer count increased 	 Count: 8
) = 48
[pid 29693] rt_sigprocmask(SIG_BLOCK, [CHLD], [], 8) = 0
[pid 29693] rt_sigaction(SIGCHLD, NULL, {SIG_DFL, [], 0}, 8) = 0
[pid 29693] rt_sigprocmask(SIG_SETMASK, [], NULL, 8) = 0
[pid 29693] nanosleep({12, 0},  <unfinished ...>
[pid 29697] <... nanosleep resumed> 0xb5681354) = 0
[pid 29697] rt_sigprocmask(SIG_BLOCK, [CHLD], [], 8) = 0
[pid 29697] rt_sigaction(SIGCHLD, NULL, {SIG_DFL, [], 0}, 8) = 0
[pid 29697] rt_sigprocmask(SIG_SETMASK, [], NULL, 8) = 0
[pid 29697] nanosleep({1, 0},  <unfinished ...>
[pid 29698] <... nanosleep resumed> 0xb4e80354) = 0
[pid 29698] rt_sigprocmask(SIG_BLOCK, [CHLD], [], 8) = 0
[pid 29698] rt_sigaction(SIGCHLD, NULL, {SIG_DFL, [], 0}, 8) = 0
[pid 29698] rt_sigprocmask(SIG_SETMASK, [], NULL, 8) = 0
[pid 29698] nanosleep({1, 0},  <unfinished ...>
[pid 29697] <... nanosleep resumed> 0xb5681354) = 0
[pid 29697] rt_sigprocmask(SIG_BLOCK, [CHLD], [], 8) = 0
[pid 29697] rt_sigaction(SIGCHLD, NULL, {SIG_DFL, [], 0}, 8) = 0
[pid 29697] rt_sigprocmask(SIG_SETMASK, [], NULL, 8) = 0
[pid 29697] nanosleep({1, 0},  <unfinished ...>
[pid 29698] <... nanosleep resumed> 0xb4e80354) = 0
[pid 29698] rt_sigprocmask(SIG_BLOCK, [CHLD], [], 8) = 0
[pid 29698] rt_sigaction(SIGCHLD, NULL, {SIG_DFL, [], 0}, 8) = 0
[pid 29698] rt_sigprocmask(SIG_SETMASK, [], NULL, 8) = 0
[pid 29698] nanosleep({1, 0},  <unfinished ...>
[pid 29697] <... nanosleep resumed> 0xb5681354) = 0
[pid 29697] rt_sigprocmask(SIG_BLOCK, [CHLD], [], 8) = 0
[pid 29697] rt_sigaction(SIGCHLD, NULL, {SIG_DFL, [], 0}, 8) = 0
[pid 29697] rt_sigprocmask(SIG_SETMASK, [], NULL, 8) = 0
[pid 29697] nanosleep({1, 0},  <unfinished ...>
[pid 29698] <... nanosleep resumed> 0xb4e80354) = 0
[pid 29698] rt_sigprocmask(SIG_BLOCK, [CHLD], [], 8) = 0
[pid 29698] rt_sigaction(SIGCHLD, NULL, {SIG_DFL, [], 0}, 8) = 0
[pid 29698] rt_sigprocmask(SIG_SETMASK, [], NULL, 8) = 0
[pid 29698] nanosleep({1, 0},  <unfinished ...>
[pid 29697] <... nanosleep resumed> 0xb5681354) = 0
[pid 29697] rt_sigprocmask(SIG_BLOCK, [CHLD], [], 8) = 0
[pid 29697] rt_sigaction(SIGCHLD, NULL, {SIG_DFL, [], 0}, 8) = 0
[pid 29697] rt_sigprocmask(SIG_SETMASK, [], NULL, 8) = 0
[pid 29697] nanosleep({1, 0},  <unfinished ...>
[pid 29698] <... nanosleep resumed> 0xb4e80354) = 0
[pid 29698] rt_sigprocmask(SIG_BLOCK, [CHLD], [], 8) = 0
[pid 29698] rt_sigaction(SIGCHLD, NULL, {SIG_DFL, [], 0}, 8) = 0
[pid 29698] rt_sigprocmask(SIG_SETMASK, [], NULL, 8) = 0
[pid 29698] nanosleep({1, 0},  <unfinished ...>
[pid 29697] <... nanosleep resumed> 0xb5681354) = 0
[pid 29697] rt_sigprocmask(SIG_BLOCK, [CHLD], [], 8) = 0
[pid 29697] rt_sigaction(SIGCHLD, NULL, {SIG_DFL, [], 0}, 8) = 0
[pid 29697] rt_sigprocmask(SIG_SETMASK, [], NULL, 8) = 0
[pid 29697] nanosleep({1, 0},  <unfinished ...>
[pid 29698] <... nanosleep resumed> 0xb4e80354) = 0
[pid 29698] rt_sigprocmask(SIG_BLOCK, [CHLD], [], 8) = 0
[pid 29698] rt_sigaction(SIGCHLD, NULL, {SIG_DFL, [], 0}, 8) = 0
[pid 29698] rt_sigprocmask(SIG_SETMASK, [], NULL, 8) = 0
[pid 29698] nanosleep({1, 0},  <unfinished ...>
[pid 29697] <... nanosleep resumed> 0xb5681354) = 0
[pid 29697] write(2, "[CONSUMER #1] Buffer count decre"..., 48[CONSUMER #1] Buffer count decreased 	 Count: 0
) = 48
[pid 29697] rt_sigprocmask(SIG_BLOCK, [CHLD], [], 8) = 0
[pid 29697] rt_sigaction(SIGCHLD, NULL, {SIG_DFL, [], 0}, 8) = 0
[pid 29697] rt_sigprocmask(SIG_SETMASK, [], NULL, 8) = 0
[pid 29697] nanosleep({13, 0},  <unfinished ...>
[pid 29698] <... nanosleep resumed> 0xb4e80354) = 0
[pid 29698] write(2, "[CONSUMER #2] Buffer count decre"..., 48[CONSUMER #2] Buffer count decreased 	 Count: 0
) = 48
[pid 29698] rt_sigprocmask(SIG_BLOCK, [CHLD], [], 8) = 0
[pid 29698] rt_sigaction(SIGCHLD, NULL, {SIG_DFL, [], 0}, 8) = 0
[pid 29698] rt_sigprocmask(SIG_SETMASK, [], NULL, 8) = 0
[pid 29698] nanosleep({13, 0},  <unfinished ...>
[pid 29696] <... nanosleep resumed> 0xb5e82354) = 0
[pid 29696] rt_sigprocmask(SIG_BLOCK, [CHLD], [], 8) = 0
[pid 29696] rt_sigaction(SIGCHLD, NULL, {SIG_DFL, [], 0}, 8) = 0
[pid 29696] rt_sigprocmask(SIG_SETMASK, [], NULL, 8) = 0
[pid 29696] nanosleep({1, 0},  <unfinished ...>
[pid 29695] <... nanosleep resumed> 0xb6683354) = 0
[pid 29695] rt_sigprocmask(SIG_BLOCK, [CHLD], [], 8) = 0
[pid 29695] rt_sigaction(SIGCHLD, NULL, {SIG_DFL, [], 0}, 8) = 0
[pid 29695] rt_sigprocmask(SIG_SETMASK, [], NULL, 8) = 0
[pid 29694] <... nanosleep resumed> 0xb6e84354) = 0
[pid 29695] nanosleep({1, 0},  <unfinished ...>
[pid 29694] rt_sigprocmask(SIG_BLOCK, [CHLD], [], 8) = 0
[pid 29694] rt_sigaction(SIGCHLD, NULL, {SIG_DFL, [], 0}, 8) = 0
[pid 29694] rt_sigprocmask(SIG_SETMASK, [], NULL, 8) = 0
[pid 29693] <... nanosleep resumed> 0xb7685354) = 0
[pid 29694] nanosleep({1, 0},  <unfinished ...>
[pid 29693] rt_sigprocmask(SIG_BLOCK, [CHLD], [], 8) = 0
[pid 29693] rt_sigaction(SIGCHLD, NULL, {SIG_DFL, [], 0}, 8) = 0
[pid 29693] rt_sigprocmask(SIG_SETMASK, [], NULL, 8) = 0
[pid 29693] nanosleep({1, 0},  <unfinished ...>
[pid 29696] <... nanosleep resumed> 0xb5e82354) = 0
[pid 29696] rt_sigprocmask(SIG_BLOCK, [CHLD], [], 8) = 0
[pid 29696] rt_sigaction(SIGCHLD, NULL, {SIG_DFL, [], 0}, 8) = 0
[pid 29696] rt_sigprocmask(SIG_SETMASK, [], NULL, 8) = 0
[pid 29696] nanosleep({1, 0},  <unfinished ...>
[pid 29695] <... nanosleep resumed> 0xb6683354) = 0
[pid 29695] rt_sigprocmask(SIG_BLOCK, [CHLD], [], 8) = 0
[pid 29695] rt_sigaction(SIGCHLD, NULL, {SIG_DFL, [], 0}, 8) = 0
[pid 29695] rt_sigprocmask(SIG_SETMASK, [], NULL, 8) = 0
[pid 29695] nanosleep({1, 0},  <unfinished ...>
[pid 29694] <... nanosleep resumed> 0xb6e84354) = 0
[pid 29694] rt_sigprocmask(SIG_BLOCK, [CHLD], [], 8) = 0
[pid 29694] rt_sigaction(SIGCHLD, NULL, {SIG_DFL, [], 0}, 8) = 0
[pid 29694] rt_sigprocmask(SIG_SETMASK, [], NULL, 8) = 0
[pid 29693] <... nanosleep resumed> 0xb7685354) = 0
[pid 29694] nanosleep({1, 0},  <unfinished ...>
[pid 29693] rt_sigprocmask(SIG_BLOCK, [CHLD], [], 8) = 0
[pid 29693] rt_sigaction(SIGCHLD, NULL, {SIG_DFL, [], 0}, 8) = 0
[pid 29693] rt_sigprocmask(SIG_SETMASK, [], NULL, 8) = 0
[pid 29693] nanosleep({1, 0},  <unfinished ...>
[pid 29696] <... nanosleep resumed> 0xb5e82354) = 0
[pid 29696] rt_sigprocmask(SIG_BLOCK, [CHLD], [], 8) = 0
[pid 29696] rt_sigaction(SIGCHLD, NULL, {SIG_DFL, [], 0}, 8) = 0
[pid 29695] <... nanosleep resumed> 0xb6683354) = 0
[pid 29696] rt_sigprocmask(SIG_SETMASK, [],  <unfinished ...>
[pid 29695] rt_sigprocmask(SIG_BLOCK, [CHLD],  <unfinished ...>
[pid 29696] <... rt_sigprocmask resumed> NULL, 8) = 0
[pid 29695] <... rt_sigprocmask resumed> [], 8) = 0
[pid 29696] nanosleep({1, 0},  <unfinished ...>
[pid 29695] rt_sigaction(SIGCHLD, NULL, {SIG_DFL, [], 0}, 8) = 0
[pid 29695] rt_sigprocmask(SIG_SETMASK, [],  <unfinished ...>
[pid 29694] <... nanosleep resumed> 0xb6e84354) = 0
[pid 29695] <... rt_sigprocmask resumed> NULL, 8) = 0
[pid 29694] rt_sigprocmask(SIG_BLOCK, [CHLD],  <unfinished ...>
[pid 29695] nanosleep({1, 0},  <unfinished ...>
[pid 29694] <... rt_sigprocmask resumed> [], 8) = 0
[pid 29694] rt_sigaction(SIGCHLD, NULL, {SIG_DFL, [], 0}, 8) = 0
[pid 29693] <... nanosleep resumed> 0xb7685354) = 0
[pid 29694] rt_sigprocmask(SIG_SETMASK, [],  <unfinished ...>
[pid 29693] rt_sigprocmask(SIG_BLOCK, [CHLD],  <unfinished ...>
[pid 29694] <... rt_sigprocmask resumed> NULL, 8) = 0
[pid 29693] <... rt_sigprocmask resumed> [], 8) = 0
[pid 29694] nanosleep({1, 0},  <unfinished ...>
[pid 29693] rt_sigaction(SIGCHLD, NULL, {SIG_DFL, [], 0}, 8) = 0
[pid 29693] rt_sigprocmask(SIG_SETMASK, [], NULL, 8) = 0
[pid 29693] nanosleep({1, 0},  <unfinished ...>
[pid 29696] <... nanosleep resumed> 0xb5e82354) = 0
[pid 29696] rt_sigprocmask(SIG_BLOCK, [CHLD], [], 8) = 0
[pid 29696] rt_sigaction(SIGCHLD, NULL,  <unfinished ...>
[pid 29695] <... nanosleep resumed> 0xb6683354) = 0
[pid 29696] <... rt_sigaction resumed> {SIG_DFL, [], 0}, 8) = 0
[pid 29695] rt_sigprocmask(SIG_BLOCK, [CHLD],  <unfinished ...>
[pid 29696] rt_sigprocmask(SIG_SETMASK, [],  <unfinished ...>
[pid 29695] <... rt_sigprocmask resumed> [], 8) = 0
[pid 29696] <... rt_sigprocmask resumed> NULL, 8) = 0
[pid 29695] rt_sigaction(SIGCHLD, NULL,  <unfinished ...>
[pid 29696] nanosleep({1, 0},  <unfinished ...>
[pid 29695] <... rt_sigaction resumed> {SIG_DFL, [], 0}, 8) = 0
[pid 29694] <... nanosleep resumed> 0xb6e84354) = 0
[pid 29695] rt_sigprocmask(SIG_SETMASK, [],  <unfinished ...>
[pid 29694] rt_sigprocmask(SIG_BLOCK, [CHLD],  <unfinished ...>
[pid 29695] <... rt_sigprocmask resumed> NULL, 8) = 0
[pid 29694] <... rt_sigprocmask resumed> [], 8) = 0
[pid 29695] nanosleep({1, 0},  <unfinished ...>
[pid 29694] rt_sigaction(SIGCHLD, NULL,  <unfinished ...>
[pid 29693] <... nanosleep resumed> 0xb7685354) = 0
[pid 29694] <... rt_sigaction resumed> {SIG_DFL, [], 0}, 8) = 0
[pid 29693] rt_sigprocmask(SIG_BLOCK, [CHLD],  <unfinished ...>
[pid 29694] rt_sigprocmask(SIG_SETMASK, [],  <unfinished ...>
[pid 29693] <... rt_sigprocmask resumed> [], 8) = 0
[pid 29694] <... rt_sigprocmask resumed> NULL, 8) = 0
[pid 29693] rt_sigaction(SIGCHLD, NULL,  <unfinished ...>
[pid 29694] nanosleep({1, 0},  <unfinished ...>
[pid 29693] <... rt_sigaction resumed> {SIG_DFL, [], 0}, 8) = 0
[pid 29693] rt_sigprocmask(SIG_SETMASK, [], NULL, 8) = 0
[pid 29693] nanosleep({1, 0},  <unfinished ...>
[pid 29696] <... nanosleep resumed> 0xb5e82354) = 0
[pid 29696] rt_sigprocmask(SIG_BLOCK, [CHLD], [], 8) = 0
[pid 29696] rt_sigaction(SIGCHLD, NULL, {SIG_DFL, [], 0}, 8) = 0
[pid 29695] <... nanosleep resumed> 0xb6683354) = 0
[pid 29696] rt_sigprocmask(SIG_SETMASK, [],  <unfinished ...>
[pid 29695] rt_sigprocmask(SIG_BLOCK, [CHLD],  <unfinished ...>
[pid 29696] <... rt_sigprocmask resumed> NULL, 8) = 0
[pid 29695] <... rt_sigprocmask resumed> [], 8) = 0
[pid 29696] nanosleep({1, 0},  <unfinished ...>
[pid 29695] rt_sigaction(SIGCHLD, NULL,  <unfinished ...>
[pid 29694] <... nanosleep resumed> 0xb6e84354) = 0
[pid 29695] <... rt_sigaction resumed> {SIG_DFL, [], 0}, 8) = 0
[pid 29694] rt_sigprocmask(SIG_BLOCK, [CHLD],  <unfinished ...>
[pid 29695] rt_sigprocmask(SIG_SETMASK, [],  <unfinished ...>
[pid 29694] <... rt_sigprocmask resumed> [], 8) = 0
[pid 29695] <... rt_sigprocmask resumed> NULL, 8) = 0
[pid 29694] rt_sigaction(SIGCHLD, NULL,  <unfinished ...>
[pid 29695] nanosleep({1, 0},  <unfinished ...>
[pid 29694] <... rt_sigaction resumed> {SIG_DFL, [], 0}, 8) = 0
[pid 29693] <... nanosleep resumed> 0xb7685354) = 0
[pid 29694] rt_sigprocmask(SIG_SETMASK, [],  <unfinished ...>
[pid 29693] rt_sigprocmask(SIG_BLOCK, [CHLD],  <unfinished ...>
[pid 29694] <... rt_sigprocmask resumed> NULL, 8) = 0
[pid 29693] <... rt_sigprocmask resumed> [], 8) = 0
[pid 29694] nanosleep({1, 0},  <unfinished ...>
[pid 29693] rt_sigaction(SIGCHLD, NULL, {SIG_DFL, [], 0}, 8) = 0
[pid 29693] rt_sigprocmask(SIG_SETMASK, [], NULL, 8) = 0
[pid 29693] nanosleep({1, 0},  <unfinished ...>
[pid 29696] <... nanosleep resumed> 0xb5e82354) = 0
[pid 29696] rt_sigprocmask(SIG_BLOCK, [CHLD], [], 8) = 0
[pid 29696] rt_sigaction(SIGCHLD, NULL, {SIG_DFL, [], 0}, 8) = 0
[pid 29695] <... nanosleep resumed> 0xb6683354) = 0
[pid 29696] rt_sigprocmask(SIG_SETMASK, [],  <unfinished ...>
[pid 29695] rt_sigprocmask(SIG_BLOCK, [CHLD],  <unfinished ...>
[pid 29696] <... rt_sigprocmask resumed> NULL, 8) = 0
[pid 29695] <... rt_sigprocmask resumed> [], 8) = 0
[pid 29696] nanosleep({1, 0},  <unfinished ...>
[pid 29695] rt_sigaction(SIGCHLD, NULL,  <unfinished ...>
[pid 29694] <... nanosleep resumed> 0xb6e84354) = 0
[pid 29695] <... rt_sigaction resumed> {SIG_DFL, [], 0}, 8) = 0
[pid 29694] rt_sigprocmask(SIG_BLOCK, [CHLD],  <unfinished ...>
[pid 29695] rt_sigprocmask(SIG_SETMASK, [],  <unfinished ...>
[pid 29694] <... rt_sigprocmask resumed> [], 8) = 0
[pid 29695] <... rt_sigprocmask resumed> NULL, 8) = 0
[pid 29694] rt_sigaction(SIGCHLD, NULL,  <unfinished ...>
[pid 29695] nanosleep({1, 0},  <unfinished ...>
[pid 29694] <... rt_sigaction resumed> {SIG_DFL, [], 0}, 8) = 0
[pid 29693] <... nanosleep resumed> 0xb7685354) = 0
[pid 29694] rt_sigprocmask(SIG_SETMASK, [],  <unfinished ...>
[pid 29693] rt_sigprocmask(SIG_BLOCK, [CHLD],  <unfinished ...>
[pid 29694] <... rt_sigprocmask resumed> NULL, 8) = 0
[pid 29693] <... rt_sigprocmask resumed> [], 8) = 0
[pid 29694] nanosleep({1, 0},  <unfinished ...>
[pid 29693] rt_sigaction(SIGCHLD, NULL, {SIG_DFL, [], 0}, 8) = 0
[pid 29693] rt_sigprocmask(SIG_SETMASK, [], NULL, 8) = 0
[pid 29693] nanosleep({1, 0},  <unfinished ...>
[pid 29696] <... nanosleep resumed> 0xb5e82354) = 0
[pid 29696] write(2, "[PRODUCER #4] Buffer count incre"..., 48[PRODUCER #4] Buffer count increased 	 Count: 8
) = 48
[pid 29696] rt_sigprocmask(SIG_BLOCK, [CHLD], [], 8) = 0
[pid 29696] rt_sigaction(SIGCHLD, NULL, {SIG_DFL, [], 0}, 8) = 0
[pid 29695] <... nanosleep resumed> 0xb6683354) = 0
[pid 29696] rt_sigprocmask(SIG_SETMASK, [],  <unfinished ...>
[pid 29695] write(2, "[PRODUCER #3] Buffer count incre"..., 48[PRODUCER #3] Buffer count increased 	 Count: 8
 <unfinished ...>
[pid 29696] <... rt_sigprocmask resumed> NULL, 8) = 0
[pid 29695] <... write resumed> )       = 48
[pid 29696] nanosleep({12, 0},  <unfinished ...>
[pid 29695] rt_sigprocmask(SIG_BLOCK, [CHLD],  <unfinished ...>
[pid 29694] <... nanosleep resumed> 0xb6e84354) = 0
[pid 29695] <... rt_sigprocmask resumed> [], 8) = 0
[pid 29694] write(2, "[PRODUCER #2] Buffer count incre"..., 48[PRODUCER #2] Buffer count increased 	 Count: 8
 <unfinished ...>
[pid 29695] rt_sigaction(SIGCHLD, NULL, {SIG_DFL, [], 0}, 8) = 0
[pid 29694] <... write resumed> )       = 48
[pid 29695] rt_sigprocmask(SIG_SETMASK, [],  <unfinished ...>
[pid 29694] rt_sigprocmask(SIG_BLOCK, [CHLD],  <unfinished ...>
[pid 29695] <... rt_sigprocmask resumed> NULL, 8) = 0
[pid 29694] <... rt_sigprocmask resumed> [], 8) = 0
[pid 29695] nanosleep({12, 0},  <unfinished ...>
[pid 29694] rt_sigaction(SIGCHLD, NULL,  <unfinished ...>
[pid 29693] <... nanosleep resumed> 0xb7685354) = 0
[pid 29694] <... rt_sigaction resumed> {SIG_DFL, [], 0}, 8) = 0
[pid 29693] write(2, "[PRODUCER #1] Buffer count incre"..., 48[PRODUCER #1] Buffer count increased 	 Count: 8
 <unfinished ...>
[pid 29694] rt_sigprocmask(SIG_SETMASK, [],  <unfinished ...>
[pid 29693] <... write resumed> )       = 48
[pid 29694] <... rt_sigprocmask resumed> NULL, 8) = 0
[pid 29693] rt_sigprocmask(SIG_BLOCK, [CHLD],  <unfinished ...>
[pid 29694] nanosleep({12, 0},  <unfinished ...>
[pid 29693] <... rt_sigprocmask resumed> [], 8) = 0
[pid 29693] rt_sigaction(SIGCHLD, NULL, {SIG_DFL, [], 0}, 8) = 0
[pid 29693] rt_sigprocmask(SIG_SETMASK, [], NULL, 8) = 0
[pid 29693] nanosleep({12, 0},  <unfinished ...>
[pid 29697] <... nanosleep resumed> 0xb5681354) = 0
[pid 29697] rt_sigprocmask(SIG_BLOCK, [CHLD], [], 8) = 0
[pid 29697] rt_sigaction(SIGCHLD, NULL, {SIG_DFL, [], 0}, 8) = 0
[pid 29697] rt_sigprocmask(SIG_SETMASK, [], NULL, 8) = 0
[pid 29697] nanosleep({1, 0},  <unfinished ...>
[pid 29698] <... nanosleep resumed> 0xb4e80354) = 0
[pid 29698] rt_sigprocmask(SIG_BLOCK, [CHLD], [], 8) = 0
[pid 29698] rt_sigaction(SIGCHLD, NULL, {SIG_DFL, [], 0}, 8) = 0
[pid 29698] rt_sigprocmask(SIG_SETMASK, [], NULL, 8) = 0
[pid 29698] nanosleep({1, 0},  <unfinished ...>
[pid 29697] <... nanosleep resumed> 0xb5681354) = 0
[pid 29697] rt_sigprocmask(SIG_BLOCK, [CHLD], [], 8) = 0
[pid 29697] rt_sigaction(SIGCHLD, NULL, {SIG_DFL, [], 0}, 8) = 0
[pid 29697] rt_sigprocmask(SIG_SETMASK, [], NULL, 8) = 0
[pid 29698] <... nanosleep resumed> 0xb4e80354) = 0
[pid 29697] nanosleep({1, 0},  <unfinished ...>
[pid 29698] rt_sigprocmask(SIG_BLOCK, [CHLD], [], 8) = 0
[pid 29698] rt_sigaction(SIGCHLD, NULL, {SIG_DFL, [], 0}, 8) = 0
[pid 29698] rt_sigprocmask(SIG_SETMASK, [], NULL, 8) = 0
[pid 29698] nanosleep({1, 0},  <unfinished ...>
[pid 29697] <... nanosleep resumed> 0xb5681354) = 0
[pid 29697] rt_sigprocmask(SIG_BLOCK, [CHLD], [], 8) = 0
[pid 29697] rt_sigaction(SIGCHLD, NULL,  <unfinished ...>
[pid 29698] <... nanosleep resumed> 0xb4e80354) = 0
[pid 29698] rt_sigprocmask(SIG_BLOCK, [CHLD], [], 8) = 0
[pid 29698] rt_sigaction(SIGCHLD, NULL, {SIG_DFL, [], 0}, 8) = 0
[pid 29697] <... rt_sigaction resumed> {SIG_DFL, [], 0}, 8) = 0
[pid 29698] rt_sigprocmask(SIG_SETMASK, [],  <unfinished ...>
[pid 29697] rt_sigprocmask(SIG_SETMASK, [],  <unfinished ...>
[pid 29698] <... rt_sigprocmask resumed> NULL, 8) = 0
[pid 29697] <... rt_sigprocmask resumed> NULL, 8) = 0
[pid 29698] nanosleep({1, 0},  <unfinished ...>
[pid 29697] nanosleep({1, 0},  <unfinished ...>
[pid 29698] <... nanosleep resumed> 0xb4e80354) = 0
[pid 29697] <... nanosleep resumed> 0xb5681354) = 0
[pid 29698] rt_sigprocmask(SIG_BLOCK, [CHLD],  <unfinished ...>
[pid 29697] rt_sigprocmask(SIG_BLOCK, [CHLD],  <unfinished ...>
[pid 29698] <... rt_sigprocmask resumed> [], 8) = 0
[pid 29697] <... rt_sigprocmask resumed> [], 8) = 0
[pid 29698] rt_sigaction(SIGCHLD, NULL,  <unfinished ...>
[pid 29697] rt_sigaction(SIGCHLD, NULL,  <unfinished ...>
[pid 29698] <... rt_sigaction resumed> {SIG_DFL, [], 0}, 8) = 0
[pid 29697] <... rt_sigaction resumed> {SIG_DFL, [], 0}, 8) = 0
[pid 29698] rt_sigprocmask(SIG_SETMASK, [],  <unfinished ...>
[pid 29697] rt_sigprocmask(SIG_SETMASK, [],  <unfinished ...>
[pid 29698] <... rt_sigprocmask resumed> NULL, 8) = 0
[pid 29697] <... rt_sigprocmask resumed> NULL, 8) = 0
[pid 29698] nanosleep({1, 0},  <unfinished ...>
[pid 29697] nanosleep({1, 0},  <unfinished ...>
[pid 29698] <... nanosleep resumed> 0xb4e80354) = 0
[pid 29697] <... nanosleep resumed> 0xb5681354) = 0
[pid 29698] rt_sigprocmask(SIG_BLOCK, [CHLD],  <unfinished ...>
[pid 29697] rt_sigprocmask(SIG_BLOCK, [CHLD],  <unfinished ...>
[pid 29698] <... rt_sigprocmask resumed> [], 8) = 0
[pid 29697] <... rt_sigprocmask resumed> [], 8) = 0
[pid 29698] rt_sigaction(SIGCHLD, NULL,  <unfinished ...>
[pid 29697] rt_sigaction(SIGCHLD, NULL,  <unfinished ...>
[pid 29698] <... rt_sigaction resumed> {SIG_DFL, [], 0}, 8) = 0
[pid 29697] <... rt_sigaction resumed> {SIG_DFL, [], 0}, 8) = 0
[pid 29698] rt_sigprocmask(SIG_SETMASK, [],  <unfinished ...>
[pid 29697] rt_sigprocmask(SIG_SETMASK, [],  <unfinished ...>
[pid 29698] <... rt_sigprocmask resumed> NULL, 8) = 0
[pid 29697] <... rt_sigprocmask resumed> NULL, 8) = 0
[pid 29698] nanosleep({1, 0},  <unfinished ...>
[pid 29697] nanosleep({1, 0},  <unfinished ...>
[pid 29698] <... nanosleep resumed> 0xb4e80354) = 0
[pid 29697] <... nanosleep resumed> 0xb5681354) = 0
[pid 29698] rt_sigprocmask(SIG_BLOCK, [CHLD],  <unfinished ...>
[pid 29697] rt_sigprocmask(SIG_BLOCK, [CHLD],  <unfinished ...>
[pid 29698] <... rt_sigprocmask resumed> [], 8) = 0
[pid 29697] <... rt_sigprocmask resumed> [], 8) = 0
[pid 29698] rt_sigaction(SIGCHLD, NULL,  <unfinished ...>
[pid 29697] rt_sigaction(SIGCHLD, NULL,  <unfinished ...>
[pid 29698] <... rt_sigaction resumed> {SIG_DFL, [], 0}, 8) = 0
[pid 29697] <... rt_sigaction resumed> {SIG_DFL, [], 0}, 8) = 0
[pid 29698] rt_sigprocmask(SIG_SETMASK, [],  <unfinished ...>
[pid 29697] rt_sigprocmask(SIG_SETMASK, [],  <unfinished ...>
[pid 29698] <... rt_sigprocmask resumed> NULL, 8) = 0
[pid 29697] <... rt_sigprocmask resumed> NULL, 8) = 0
[pid 29698] nanosleep({1, 0},  <unfinished ...>
[pid 29697] nanosleep({1, 0},  <unfinished ...>
[pid 29698] <... nanosleep resumed> 0xb4e80354) = 0
[pid 29697] <... nanosleep resumed> 0xb5681354) = 0
[pid 29698] rt_sigprocmask(SIG_BLOCK, [CHLD],  <unfinished ...>
[pid 29697] rt_sigprocmask(SIG_BLOCK, [CHLD],  <unfinished ...>
[pid 29698] <... rt_sigprocmask resumed> [], 8) = 0
[pid 29697] <... rt_sigprocmask resumed> [], 8) = 0
[pid 29698] rt_sigaction(SIGCHLD, NULL,  <unfinished ...>
[pid 29697] rt_sigaction(SIGCHLD, NULL,  <unfinished ...>
[pid 29698] <... rt_sigaction resumed> {SIG_DFL, [], 0}, 8) = 0
[pid 29697] <... rt_sigaction resumed> {SIG_DFL, [], 0}, 8) = 0
[pid 29698] rt_sigprocmask(SIG_SETMASK, [],  <unfinished ...>
[pid 29697] rt_sigprocmask(SIG_SETMASK, [],  <unfinished ...>
[pid 29698] <... rt_sigprocmask resumed> NULL, 8) = 0
[pid 29697] <... rt_sigprocmask resumed> NULL, 8) = 0
[pid 29698] nanosleep({1, 0},  <unfinished ...>
[pid 29697] nanosleep({1, 0},  <unfinished ...>
[pid 29698] <... nanosleep resumed> 0xb4e80354) = 0
[pid 29697] <... nanosleep resumed> 0xb5681354) = 0
[pid 29698] rt_sigprocmask(SIG_BLOCK, [CHLD],  <unfinished ...>
[pid 29697] rt_sigprocmask(SIG_BLOCK, [CHLD],  <unfinished ...>
[pid 29698] <... rt_sigprocmask resumed> [], 8) = 0
[pid 29697] <... rt_sigprocmask resumed> [], 8) = 0
[pid 29698] rt_sigaction(SIGCHLD, NULL,  <unfinished ...>
[pid 29697] rt_sigaction(SIGCHLD, NULL,  <unfinished ...>
[pid 29698] <... rt_sigaction resumed> {SIG_DFL, [], 0}, 8) = 0
[pid 29697] <... rt_sigaction resumed> {SIG_DFL, [], 0}, 8) = 0
[pid 29698] rt_sigprocmask(SIG_SETMASK, [],  <unfinished ...>
[pid 29697] rt_sigprocmask(SIG_SETMASK, [],  <unfinished ...>
[pid 29698] <... rt_sigprocmask resumed> NULL, 8) = 0
[pid 29697] <... rt_sigprocmask resumed> NULL, 8) = 0
[pid 29698] nanosleep({1, 0},  <unfinished ...>
[pid 29697] nanosleep({1, 0},  <unfinished ...>
[pid 29698] <... nanosleep resumed> 0xb4e80354) = 0
[pid 29697] <... nanosleep resumed> 0xb5681354) = 0
[pid 29698] rt_sigprocmask(SIG_BLOCK, [CHLD],  <unfinished ...>
[pid 29697] rt_sigprocmask(SIG_BLOCK, [CHLD],  <unfinished ...>
[pid 29698] <... rt_sigprocmask resumed> [], 8) = 0
[pid 29697] <... rt_sigprocmask resumed> [], 8) = 0
[pid 29698] rt_sigaction(SIGCHLD, NULL,  <unfinished ...>
[pid 29697] rt_sigaction(SIGCHLD, NULL,  <unfinished ...>
[pid 29698] <... rt_sigaction resumed> {SIG_DFL, [], 0}, 8) = 0
[pid 29697] <... rt_sigaction resumed> {SIG_DFL, [], 0}, 8) = 0
[pid 29698] rt_sigprocmask(SIG_SETMASK, [],  <unfinished ...>
[pid 29697] rt_sigprocmask(SIG_SETMASK, [],  <unfinished ...>
[pid 29698] <... rt_sigprocmask resumed> NULL, 8) = 0
[pid 29697] <... rt_sigprocmask resumed> NULL, 8) = 0
[pid 29698] nanosleep({1, 0},  <unfinished ...>
[pid 29697] nanosleep({1, 0},  <unfinished ...>
[pid 29698] <... nanosleep resumed> 0xb4e80354) = 0
[pid 29697] <... nanosleep resumed> 0xb5681354) = 0
[pid 29698] rt_sigprocmask(SIG_BLOCK, [CHLD],  <unfinished ...>
[pid 29697] rt_sigprocmask(SIG_BLOCK, [CHLD],  <unfinished ...>
[pid 29698] <... rt_sigprocmask resumed> [], 8) = 0
[pid 29697] <... rt_sigprocmask resumed> [], 8) = 0
[pid 29698] rt_sigaction(SIGCHLD, NULL,  <unfinished ...>
[pid 29697] rt_sigaction(SIGCHLD, NULL,  <unfinished ...>
[pid 29698] <... rt_sigaction resumed> {SIG_DFL, [], 0}, 8) = 0
[pid 29697] <... rt_sigaction resumed> {SIG_DFL, [], 0}, 8) = 0
[pid 29698] rt_sigprocmask(SIG_SETMASK, [],  <unfinished ...>
[pid 29697] rt_sigprocmask(SIG_SETMASK, [],  <unfinished ...>
[pid 29698] <... rt_sigprocmask resumed> NULL, 8) = 0
[pid 29697] <... rt_sigprocmask resumed> NULL, 8) = 0
[pid 29698] nanosleep({1, 0},  <unfinished ...>
[pid 29697] nanosleep({1, 0},  <unfinished ...>
[pid 29698] <... nanosleep resumed> 0xb4e80354) = 0
[pid 29697] <... nanosleep resumed> 0xb5681354) = 0
[pid 29698] rt_sigprocmask(SIG_BLOCK, [CHLD],  <unfinished ...>
[pid 29697] rt_sigprocmask(SIG_BLOCK, [CHLD],  <unfinished ...>
[pid 29698] <... rt_sigprocmask resumed> [], 8) = 0
